[21:04:58] warm-started actor from aac_par_h256_actor.bak.npz
[21:04:59] PAR-AAC start: games=60000 workers=6 round_ep=24 hidden=256 a_lr=0.001 ppo_epochs=4 ent=0.01 gae_lam=0.95
[21:05:13] GATE @0 games: honest actor vs handcrafted = 33.8%
[21:06:24] HANG #1: no episode in 25s; rebuilding pool (kept 1725 recs this round)
[21:10:52] HANG #2: no episode in 25s; rebuilding pool (kept 3255 recs this round)
[21:13:18] HANG #3: no episode in 25s; rebuilding pool (kept 2968 recs this round)
[21:15:14] HANG #4: no episode in 25s; rebuilding pool (kept 2478 recs this round)
[21:15:44] HANG #5: no episode in 25s; rebuilding pool (kept 2186 recs this round)
[21:20:04] HANG #6: no episode in 25s; rebuilding pool (kept 2651 recs this round)
[21:23:51] HANG #7: no episode in 25s; rebuilding pool (kept 2399 recs this round)
[21:29:49] GATE @3015 games: 35.2% | critic_loss=0.036 entropy=0.338 G_mean=0.549 hangs=7 [2.04 g/s]
[21:29:49]   new best 35.2% -> aac_par_h256d_best.npz
[21:31:26] HANG #8: no episode in 25s; rebuilding pool (kept 2014 recs this round)
[21:32:20] HANG #9: no episode in 25s; rebuilding pool (kept 2445 recs this round)
[21:33:57] HANG #10: no episode in 25s; rebuilding pool (kept 2189 recs this round)
[21:35:03] HANG #11: no episode in 25s; rebuilding pool (kept 2357 recs this round)
[21:35:44] HANG #12: no episode in 25s; rebuilding pool (kept 2231 recs this round)
[21:36:46] HANG #13: no episode in 25s; rebuilding pool (kept 2583 recs this round)
[21:39:53] HANG #14: no episode in 25s; rebuilding pool (kept 1934 recs this round)
[21:40:23] HANG #15: no episode in 25s; rebuilding pool (kept 1666 recs this round)
[21:41:20] HANG #16: no episode in 25s; rebuilding pool (kept 1857 recs this round)
[21:43:16] HANG #17: no episode in 25s; rebuilding pool (kept 2004 recs this round)
[21:45:39] HANG #18: no episode in 25s; rebuilding pool (kept 2545 recs this round)
[21:46:52] HANG #19: no episode in 25s; rebuilding pool (kept 2039 recs this round)
[21:53:34] GATE @6027 games: 34.8% | critic_loss=0.033 entropy=0.357 G_mean=0.541 hangs=19 [2.08 g/s]
[21:54:13] HANG #20: no episode in 25s; rebuilding pool (kept 2617 recs this round)
[21:56:07] HANG #21: no episode in 25s; rebuilding pool (kept 2835 recs this round)
[21:57:21] HANG #22: no episode in 25s; rebuilding pool (kept 2018 recs this round)
[21:58:01] HANG #23: no episode in 25s; rebuilding pool (kept 2587 recs this round)
[22:01:56] HANG #24: no episode in 25s; rebuilding pool (kept 2331 recs this round)
[22:04:01] HANG #25: no episode in 25s; rebuilding pool (kept 3027 recs this round)
[22:05:08] HANG #26: no episode in 25s; rebuilding pool (kept 2986 recs this round)
[22:16:24] GATE @9044 games: 31.0% | critic_loss=0.027 entropy=0.354 G_mean=0.557 hangs=26 [2.12 g/s]
[22:19:39] HANG #27: no episode in 25s; rebuilding pool (kept 2032 recs this round)
[22:24:04] HANG #28: no episode in 25s; rebuilding pool (kept 2703 recs this round)
[22:28:31] HANG #29: no episode in 25s; rebuilding pool (kept 2434 recs this round)
[22:31:46] HANG #30: no episode in 25s; rebuilding pool (kept 2956 recs this round)
[22:34:08] HANG #31: no episode in 25s; rebuilding pool (kept 3264 recs this round)
[22:34:42] HANG #32: no episode in 25s; rebuilding pool (kept 2948 recs this round)
[22:36:42] HANG #33: no episode in 25s; rebuilding pool (kept 3049 recs this round)
[22:41:31] GATE @12059 games: 36.0% | critic_loss=0.033 entropy=0.348 G_mean=0.492 hangs=33 [2.09 g/s]
[22:41:31]   new best 36.0% -> aac_par_h256d_best.npz
[22:42:03] HANG #34: no episode in 25s; rebuilding pool (kept 3311 recs this round)
[22:45:00] HANG #35: no episode in 25s; rebuilding pool (kept 3280 recs this round)
[22:46:49] HANG #36: no episode in 25s; rebuilding pool (kept 3603 recs this round)
[22:48:47] HANG #37: no episode in 25s; rebuilding pool (kept 2851 recs this round)
[22:49:27] HANG #38: no episode in 25s; rebuilding pool (kept 2538 recs this round)
[22:53:37] HANG #39: no episode in 25s; rebuilding pool (kept 3071 recs this round)
[22:56:24] HANG #40: no episode in 25s; rebuilding pool (kept 2716 recs this round)
[22:57:17] HANG #41: no episode in 25s; rebuilding pool (kept 2767 recs this round)
[22:57:48] HANG #42: no episode in 25s; rebuilding pool (kept 2609 recs this round)
[23:00:24] HANG #43: no episode in 25s; rebuilding pool (kept 2257 recs this round)
[23:01:10] HANG #44: no episode in 25s; rebuilding pool (kept 4096 recs this round)
[23:01:43] HANG #45: no episode in 25s; rebuilding pool (kept 1970 recs this round)
[23:02:32] HANG #46: no episode in 25s; rebuilding pool (kept 2017 recs this round)
[23:03:04] HANG #47: no episode in 25s; rebuilding pool (kept 2690 recs this round)
[23:04:12] HANG #48: no episode in 25s; rebuilding pool (kept 2250 recs this round)
[23:09:55] GATE @15068 games: 32.5% | critic_loss=0.034 entropy=0.330 G_mean=0.530 hangs=48 [2.01 g/s]
[23:12:11] HANG #49: no episode in 25s; rebuilding pool (kept 2075 recs this round)
[23:12:55] HANG #50: no episode in 25s; rebuilding pool (kept 2291 recs this round)
[23:22:38] HANG #51: no episode in 25s; rebuilding pool (kept 2138 recs this round)
[23:27:40] HANG #52: no episode in 25s; rebuilding pool (kept 2904 recs this round)
[23:29:38] HANG #53: no episode in 25s; rebuilding pool (kept 3175 recs this round)
[23:32:10] HANG #54: no episode in 25s; rebuilding pool (kept 2766 recs this round)
[23:33:20] HANG #55: no episode in 25s; rebuilding pool (kept 3646 recs this round)
[23:36:01] GATE @18085 games: 35.2% | critic_loss=0.032 entropy=0.253 G_mean=0.617 hangs=55 [2.00 g/s]
[23:37:04] HANG #56: no episode in 25s; rebuilding pool (kept 2734 recs this round)
[23:37:44] HANG #57: no episode in 25s; rebuilding pool (kept 2829 recs this round)
[23:38:33] HANG #58: no episode in 25s; rebuilding pool (kept 2676 recs this round)
[23:39:19] HANG #59: no episode in 25s; rebuilding pool (kept 2510 recs this round)
[23:44:07] HANG #60: no episode in 25s; rebuilding pool (kept 2914 recs this round)
[23:45:15] HANG #61: no episode in 25s; rebuilding pool (kept 2789 recs this round)
[23:48:03] HANG #62: no episode in 25s; rebuilding pool (kept 2912 recs this round)
[23:48:38] HANG #63: no episode in 25s; rebuilding pool (kept 2255 recs this round)
[23:53:29] HANG #64: no episode in 25s; rebuilding pool (kept 3227 recs this round)
[23:55:49] HANG #65: no episode in 25s; rebuilding pool (kept 3052 recs this round)
[00:00:08] HANG #66: no episode in 25s; rebuilding pool (kept 1625 recs this round)
[00:00:43] HANG #67: no episode in 25s; rebuilding pool (kept 2726 recs this round)
[00:03:45] GATE @21097 games: 37.5% | critic_loss=0.036 entropy=0.335 G_mean=0.529 hangs=67 [1.97 g/s]
[00:03:45]   new best 37.5% -> aac_par_h256d_best.npz
[00:04:24] HANG #68: no episode in 25s; rebuilding pool (kept 3172 recs this round)
[00:05:07] HANG #69: no episode in 25s; rebuilding pool (kept 2884 recs this round)
[00:08:00] HANG #70: no episode in 25s; rebuilding pool (kept 3269 recs this round)
[00:09:40] HANG #71: no episode in 25s; rebuilding pool (kept 3375 recs this round)
[00:14:48] HANG #72: no episode in 25s; rebuilding pool (kept 2665 recs this round)
[00:15:36] HANG #73: no episode in 25s; rebuilding pool (kept 3397 recs this round)
[00:18:20] HANG #74: no episode in 25s; rebuilding pool (kept 2164 recs this round)
[00:20:22] HANG #75: no episode in 25s; rebuilding pool (kept 2682 recs this round)
[00:21:57] HANG #76: no episode in 25s; rebuilding pool (kept 2736 recs this round)
[00:24:34] HANG #77: no episode in 25s; rebuilding pool (kept 2525 recs this round)
[00:25:34] HANG #78: no episode in 25s; rebuilding pool (kept 2272 recs this round)
[00:27:33] HANG #79: no episode in 25s; rebuilding pool (kept 2937 recs this round)
[00:28:09] HANG #80: no episode in 25s; rebuilding pool (kept 3099 recs this round)
[00:32:00] GATE @24108 games: 35.8% | critic_loss=0.025 entropy=0.289 G_mean=0.578 hangs=80 [1.94 g/s]
[00:32:57] HANG #81: no episode in 25s; rebuilding pool (kept 2706 recs this round)
[00:34:41] HANG #82: no episode in 25s; rebuilding pool (kept 3515 recs this round)
[00:35:28] HANG #83: no episode in 25s; rebuilding pool (kept 2957 recs this round)
[00:36:21] HANG #84: no episode in 25s; rebuilding pool (kept 2736 recs this round)
[00:36:50] HANG #85: no episode in 25s; rebuilding pool (kept 2210 recs this round)
[00:38:18] HANG #86: no episode in 25s; rebuilding pool (kept 3085 recs this round)
[00:39:06] HANG #87: no episode in 25s; rebuilding pool (kept 2260 recs this round)
[00:40:51] HANG #88: no episode in 25s; rebuilding pool (kept 3114 recs this round)
[00:42:57] HANG #89: no episode in 25s; rebuilding pool (kept 3072 recs this round)
[00:44:40] HANG #90: no episode in 25s; rebuilding pool (kept 2105 recs this round)
[00:47:27] HANG #91: no episode in 25s; rebuilding pool (kept 2438 recs this round)
[00:48:55] HANG #92: no episode in 25s; rebuilding pool (kept 2907 recs this round)
[00:50:46] HANG #93: no episode in 25s; rebuilding pool (kept 2980 recs this round)
[00:52:11] HANG #94: no episode in 25s; rebuilding pool (kept 3642 recs this round)
[00:52:42] HANG #95: no episode in 25s; rebuilding pool (kept 3320 recs this round)
[00:55:05] HANG #96: no episode in 25s; rebuilding pool (kept 3300 recs this round)
[00:56:17] HANG #97: no episode in 25s; rebuilding pool (kept 3692 recs this round)
[01:01:24] GATE @27113 games: 37.0% | critic_loss=0.031 entropy=0.208 G_mean=0.628 hangs=97 [1.91 g/s]
[01:02:35] HANG #98: no episode in 25s; rebuilding pool (kept 2928 recs this round)
[01:03:42] HANG #99: no episode in 25s; rebuilding pool (kept 3279 recs this round)
[01:07:33] HANG #100: no episode in 25s; rebuilding pool (kept 2310 recs this round)
[01:09:24] HANG #101: no episode in 25s; rebuilding pool (kept 1981 recs this round)
[01:12:30] HANG #102: no episode in 25s; rebuilding pool (kept 3311 recs this round)
[01:16:10] HANG #103: no episode in 25s; rebuilding pool (kept 3786 recs this round)
[01:17:51] HANG #104: no episode in 25s; rebuilding pool (kept 3061 recs this round)
[01:19:49] HANG #105: no episode in 25s; rebuilding pool (kept 2976 recs this round)
[01:22:53] HANG #106: no episode in 25s; rebuilding pool (kept 2886 recs this round)
[01:24:00] HANG #107: no episode in 25s; rebuilding pool (kept 2644 recs this round)
[01:28:17] GATE @30126 games: 37.5% | critic_loss=0.022 entropy=0.318 G_mean=0.551 hangs=107 [1.91 g/s]
[01:30:00] HANG #108: no episode in 25s; rebuilding pool (kept 1532 recs this round)
[01:35:07] HANG #109: no episode in 25s; rebuilding pool (kept 2381 recs this round)
[01:37:54] HANG #110: no episode in 25s; rebuilding pool (kept 2244 recs this round)
[01:40:33] HANG #111: no episode in 25s; rebuilding pool (kept 3122 recs this round)
[01:45:26] HANG #112: no episode in 25s; rebuilding pool (kept 2454 recs this round)
[01:47:06] HANG #113: no episode in 25s; rebuilding pool (kept 3274 recs this round)
[01:48:03] HANG #114: no episode in 25s; rebuilding pool (kept 2541 recs this round)
[01:52:22] GATE @33142 games: 40.8% | critic_loss=0.031 entropy=0.297 G_mean=0.581 hangs=114 [1.92 g/s]
[01:52:22]   new best 40.8% -> aac_par_h256d_best.npz
[01:54:00] HANG #115: no episode in 25s; rebuilding pool (kept 1761 recs this round)
[01:56:53] HANG #116: no episode in 25s; rebuilding pool (kept 3005 recs this round)
[02:05:04] HANG #117: no episode in 25s; rebuilding pool (kept 2743 recs this round)
[02:06:54] HANG #118: no episode in 25s; rebuilding pool (kept 2962 recs this round)
[02:07:43] HANG #119: no episode in 25s; rebuilding pool (kept 2871 recs this round)
[02:08:40] HANG #120: no episode in 25s; rebuilding pool (kept 3044 recs this round)
[02:09:32] HANG #121: no episode in 25s; rebuilding pool (kept 2928 recs this round)
[02:10:06] HANG #122: no episode in 25s; rebuilding pool (kept 3062 recs this round)
[02:11:17] HANG #123: no episode in 25s; rebuilding pool (kept 2308 recs this round)
[02:11:57] HANG #124: no episode in 25s; rebuilding pool (kept 3429 recs this round)
[02:20:40] GATE @36156 games: 40.2% | critic_loss=0.023 entropy=0.294 G_mean=0.609 hangs=124 [1.91 g/s]
[02:22:55] HANG #125: no episode in 25s; rebuilding pool (kept 2875 recs this round)
[02:24:01] HANG #126: no episode in 25s; rebuilding pool (kept 3084 recs this round)
[02:25:29] HANG #127: no episode in 25s; rebuilding pool (kept 2513 recs this round)
[02:28:06] HANG #128: no episode in 25s; rebuilding pool (kept 2800 recs this round)
[02:31:47] HANG #129: no episode in 25s; rebuilding pool (kept 2602 recs this round)
[02:33:59] HANG #130: no episode in 25s; rebuilding pool (kept 3481 recs this round)
[02:35:30] HANG #131: no episode in 25s; rebuilding pool (kept 2876 recs this round)
[02:40:56] HANG #132: no episode in 25s; rebuilding pool (kept 3691 recs this round)
[02:44:12] HANG #133: no episode in 25s; rebuilding pool (kept 3477 recs this round)
[02:45:07] HANG #134: no episode in 25s; rebuilding pool (kept 2720 recs this round)
[02:45:47] HANG #135: no episode in 25s; rebuilding pool (kept 2851 recs this round)
[02:46:24] HANG #136: no episode in 25s; rebuilding pool (kept 3198 recs this round)
[02:49:09] GATE @39168 games: 40.8% | critic_loss=0.022 entropy=0.231 G_mean=0.654 hangs=136 [1.90 g/s]
[02:51:06] HANG #137: no episode in 25s; rebuilding pool (kept 3423 recs this round)
[02:51:41] HANG #138: no episode in 25s; rebuilding pool (kept 3323 recs this round)
[02:53:50] HANG #139: no episode in 25s; rebuilding pool (kept 3272 recs this round)
[02:54:31] HANG #140: no episode in 25s; rebuilding pool (kept 3560 recs this round)
[02:55:13] HANG #141: no episode in 25s; rebuilding pool (kept 2990 recs this round)
[02:56:29] HANG #142: no episode in 25s; rebuilding pool (kept 2786 recs this round)
[02:59:30] HANG #143: no episode in 25s; rebuilding pool (kept 2610 recs this round)
[03:01:17] HANG #144: no episode in 25s; rebuilding pool (kept 3130 recs this round)
[03:02:27] HANG #145: no episode in 25s; rebuilding pool (kept 2604 recs this round)
[03:06:08] HANG #146: no episode in 25s; rebuilding pool (kept 2454 recs this round)
[03:11:40] HANG #147: no episode in 25s; rebuilding pool (kept 2963 recs this round)
[03:12:36] HANG #148: no episode in 25s; rebuilding pool (kept 2332 recs this round)
[03:14:01] HANG #149: no episode in 25s; rebuilding pool (kept 3443 recs this round)
[03:18:59] GATE @42177 games: 40.5% | critic_loss=0.028 entropy=0.253 G_mean=0.620 hangs=149 [1.88 g/s]
[03:26:29] HANG #150: no episode in 25s; rebuilding pool (kept 2809 recs this round)
[03:29:59] HANG #151: no episode in 25s; rebuilding pool (kept 2682 recs this round)
[03:30:48] HANG #152: no episode in 25s; rebuilding pool (kept 3828 recs this round)
[03:32:24] HANG #153: no episode in 25s; rebuilding pool (kept 3331 recs this round)
[03:33:58] HANG #154: no episode in 25s; rebuilding pool (kept 3391 recs this round)
[03:34:54] HANG #155: no episode in 25s; rebuilding pool (kept 2445 recs this round)
[03:35:35] HANG #156: no episode in 25s; rebuilding pool (kept 2804 recs this round)
[03:36:51] HANG #157: no episode in 25s; rebuilding pool (kept 2605 recs this round)
[03:41:31] HANG #158: no episode in 25s; rebuilding pool (kept 3107 recs this round)
[03:42:42] HANG #159: no episode in 25s; rebuilding pool (kept 2763 recs this round)
[03:44:07] HANG #160: no episode in 25s; rebuilding pool (kept 3029 recs this round)
[03:45:18] HANG #161: no episode in 25s; rebuilding pool (kept 2150 recs this round)
[03:48:17] GATE @45189 games: 38.8% | critic_loss=0.032 entropy=0.278 G_mean=0.516 hangs=161 [1.87 g/s]
[03:48:55] HANG #162: no episode in 25s; rebuilding pool (kept 2499 recs this round)
[03:50:30] HANG #163: no episode in 25s; rebuilding pool (kept 2813 recs this round)
[03:51:02] HANG #164: no episode in 25s; rebuilding pool (kept 2882 recs this round)
[03:55:04] HANG #165: no episode in 25s; rebuilding pool (kept 2761 recs this round)
[03:55:37] HANG #166: no episode in 25s; rebuilding pool (kept 2395 recs this round)
[03:56:32] HANG #167: no episode in 25s; rebuilding pool (kept 2665 recs this round)
[03:57:08] HANG #168: no episode in 25s; rebuilding pool (kept 3098 recs this round)
[03:57:46] HANG #169: no episode in 25s; rebuilding pool (kept 2490 recs this round)
[03:58:40] HANG #170: no episode in 25s; rebuilding pool (kept 2794 recs this round)
[04:00:37] HANG #171: no episode in 25s; rebuilding pool (kept 2652 recs this round)
[04:03:02] HANG #172: no episode in 25s; rebuilding pool (kept 2809 recs this round)
[04:05:51] HANG #173: no episode in 25s; rebuilding pool (kept 3456 recs this round)
[04:07:16] HANG #174: no episode in 25s; rebuilding pool (kept 3099 recs this round)
[04:09:37] HANG #175: no episode in 25s; rebuilding pool (kept 2965 recs this round)
[04:10:35] HANG #176: no episode in 25s; rebuilding pool (kept 2952 recs this round)
[04:12:46] HANG #177: no episode in 25s; rebuilding pool (kept 3255 recs this round)
[04:14:44] HANG #178: no episode in 25s; rebuilding pool (kept 2098 recs this round)
[04:17:16] HANG #179: no episode in 25s; rebuilding pool (kept 3334 recs this round)
[04:17:59] HANG #180: no episode in 25s; rebuilding pool (kept 2622 recs this round)
[04:18:40] HANG #181: no episode in 25s; rebuilding pool (kept 3537 recs this round)
[04:19:31] HANG #182: no episode in 25s; rebuilding pool (kept 3591 recs this round)
[04:24:22] GATE @48192 games: 40.0% | critic_loss=0.020 entropy=0.194 G_mean=0.560 hangs=182 [1.83 g/s]
[04:28:26] HANG #183: no episode in 25s; rebuilding pool (kept 3149 recs this round)
[04:32:32] HANG #184: no episode in 25s; rebuilding pool (kept 2953 recs this round)
[04:33:16] HANG #185: no episode in 25s; rebuilding pool (kept 3552 recs this round)
[04:37:12] HANG #186: no episode in 25s; rebuilding pool (kept 3675 recs this round)
[04:38:44] HANG #187: no episode in 25s; rebuilding pool (kept 2433 recs this round)
[04:39:43] HANG #188: no episode in 25s; rebuilding pool (kept 3097 recs this round)
[04:43:20] HANG #189: no episode in 25s; rebuilding pool (kept 2295 recs this round)
[04:43:52] HANG #190: no episode in 25s; rebuilding pool (kept 2756 recs this round)
[04:45:08] HANG #191: no episode in 25s; rebuilding pool (kept 3504 recs this round)
[04:48:03] HANG #192: no episode in 25s; rebuilding pool (kept 2674 recs this round)
[04:49:38] HANG #193: no episode in 25s; rebuilding pool (kept 2534 recs this round)
[04:50:48] HANG #194: no episode in 25s; rebuilding pool (kept 2581 recs this round)
[04:51:39] HANG #195: no episode in 25s; rebuilding pool (kept 2516 recs this round)
[04:52:27] HANG #196: no episode in 25s; rebuilding pool (kept 3233 recs this round)
[04:53:23] HANG #197: no episode in 25s; rebuilding pool (kept 2594 recs this round)
[04:54:21] HANG #198: no episode in 25s; rebuilding pool (kept 2481 recs this round)
[04:55:01] HANG #199: no episode in 25s; rebuilding pool (kept 2766 recs this round)
[04:57:26] HANG #200: no episode in 25s; rebuilding pool (kept 3501 recs this round)
[05:04:43] GATE @51198 games: 40.5% | critic_loss=0.029 entropy=0.289 G_mean=0.679 hangs=200 [1.78 g/s]
[05:06:14] HANG #201: no episode in 25s; rebuilding pool (kept 3306 recs this round)
[05:07:46] HANG #202: no episode in 25s; rebuilding pool (kept 3435 recs this round)
[05:08:33] HANG #203: no episode in 25s; rebuilding pool (kept 2359 recs this round)
[05:09:26] HANG #204: no episode in 25s; rebuilding pool (kept 3361 recs this round)
[05:10:50] HANG #205: no episode in 25s; rebuilding pool (kept 2540 recs this round)
[05:11:33] HANG #206: no episode in 25s; rebuilding pool (kept 2155 recs this round)
[05:12:25] HANG #207: no episode in 25s; rebuilding pool (kept 2189 recs this round)
[05:13:15] HANG #208: no episode in 25s; rebuilding pool (kept 2942 recs this round)
[05:15:21] HANG #209: no episode in 25s; rebuilding pool (kept 2084 recs this round)
[05:18:41] HANG #210: no episode in 25s; rebuilding pool (kept 3088 recs this round)
[05:20:29] HANG #211: no episode in 25s; rebuilding pool (kept 3159 recs this round)
[05:21:46] HANG #212: no episode in 25s; rebuilding pool (kept 2927 recs this round)
[05:23:36] HANG #213: no episode in 25s; rebuilding pool (kept 2962 recs this round)
[05:24:24] HANG #214: no episode in 25s; rebuilding pool (kept 3319 recs this round)
[05:32:03] HANG #215: no episode in 25s; rebuilding pool (kept 2885 recs this round)
[05:33:58] HANG #216: no episode in 25s; rebuilding pool (kept 2618 recs this round)
[05:39:02] GATE @54206 games: 41.2% | critic_loss=0.027 entropy=0.283 G_mean=0.652 hangs=216 [1.76 g/s]
[05:39:02]   new best 41.2% -> aac_par_h256d_best.npz
[05:40:26] HANG #217: no episode in 25s; rebuilding pool (kept 2554 recs this round)
[05:43:18] HANG #218: no episode in 25s; rebuilding pool (kept 2453 recs this round)
[05:45:45] HANG #219: no episode in 25s; rebuilding pool (kept 3141 recs this round)
[05:46:58] HANG #220: no episode in 25s; rebuilding pool (kept 3498 recs this round)
[05:49:08] HANG #221: no episode in 25s; rebuilding pool (kept 3775 recs this round)
[05:50:05] HANG #222: no episode in 25s; rebuilding pool (kept 2610 recs this round)
[05:50:59] HANG #223: no episode in 25s; rebuilding pool (kept 2693 recs this round)
[05:51:33] HANG #224: no episode in 25s; rebuilding pool (kept 2809 recs this round)
[05:53:39] HANG #225: no episode in 25s; rebuilding pool (kept 2555 recs this round)
[05:54:52] HANG #226: no episode in 25s; rebuilding pool (kept 2738 recs this round)
[05:55:33] HANG #227: no episode in 25s; rebuilding pool (kept 3109 recs this round)
[05:57:09] HANG #228: no episode in 25s; rebuilding pool (kept 3090 recs this round)
[05:58:06] HANG #229: no episode in 25s; rebuilding pool (kept 2515 recs this round)
[05:58:51] HANG #230: no episode in 25s; rebuilding pool (kept 3244 recs this round)
[06:01:35] HANG #231: no episode in 25s; rebuilding pool (kept 3292 recs this round)
[06:02:13] HANG #232: no episode in 25s; rebuilding pool (kept 3263 recs this round)
[06:03:06] HANG #233: no episode in 25s; rebuilding pool (kept 2656 recs this round)
[06:04:40] HANG #234: no episode in 25s; rebuilding pool (kept 2988 recs this round)
[06:08:04] HANG #235: no episode in 25s; rebuilding pool (kept 2279 recs this round)
[06:35:22] GATE @57209 games: 42.0% | critic_loss=0.025 entropy=0.230 G_mean=0.699 hangs=235 [1.67 g/s]
[06:35:22]   new best 42.0% -> aac_par_h256d_best.npz
[06:36:08] HANG #236: no episode in 25s; rebuilding pool (kept 3157 recs this round)
[06:39:13] HANG #237: no episode in 25s; rebuilding pool (kept 2615 recs this round)
[06:40:01] HANG #238: no episode in 25s; rebuilding pool (kept 2267 recs this round)
[06:40:41] HANG #239: no episode in 25s; rebuilding pool (kept 3221 recs this round)
[06:44:26] HANG #240: no episode in 25s; rebuilding pool (kept 2756 recs this round)
[06:45:30] HANG #241: no episode in 25s; rebuilding pool (kept 2668 recs this round)
[06:46:14] HANG #242: no episode in 25s; rebuilding pool (kept 2970 recs this round)
[06:47:47] HANG #243: no episode in 25s; rebuilding pool (kept 3049 recs this round)
[06:48:22] HANG #244: no episode in 25s; rebuilding pool (kept 3622 recs this round)
[06:48:54] HANG #245: no episode in 25s; rebuilding pool (kept 2833 recs this round)
[06:53:28] HANG #246: no episode in 25s; rebuilding pool (kept 3136 recs this round)
[06:54:29] HANG #247: no episode in 25s; rebuilding pool (kept 2631 recs this round)
[06:56:47] HANG #248: no episode in 25s; rebuilding pool (kept 2644 recs this round)
[07:03:20] HANG #249: no episode in 25s; rebuilding pool (kept 2766 recs this round)
[07:04:27] HANG #250: no episode in 25s; rebuilding pool (kept 3669 recs this round)
[07:05:58] PAR-AAC complete: 60023 games (250 hangs), best=42.0%
