[12:20:49] warm-started actor from aac_par_44pct.npz (grew 825 -> 1081 cols, new cols zeroed)
[12:20:49] PAR-AAC start: games=60000 workers=6 round_ep=24 hidden=256 belief=True feat=1081 a_lr=0.001 ppo_epochs=4 ent=0.01 gae_lam=0.95
[12:21:19] GATE @0 games: honest actor vs handcrafted = 42.5%
[12:22:02] HANG #1: no episode in 25s; rebuilding pool (kept 2737 recs this round)
[12:26:55] HANG #2: no episode in 25s; rebuilding pool (kept 3271 recs this round)
[12:27:44] HANG #3: no episode in 25s; rebuilding pool (kept 3177 recs this round)
[12:28:47] HANG #4: no episode in 25s; rebuilding pool (kept 2442 recs this round)
[12:30:04] HANG #5: no episode in 25s; rebuilding pool (kept 2583 recs this round)
[12:31:00] HANG #6: no episode in 25s; rebuilding pool (kept 2645 recs this round)
[12:32:06] HANG #7: no episode in 25s; rebuilding pool (kept 2412 recs this round)
[12:34:20] HANG #8: no episode in 25s; rebuilding pool (kept 3389 recs this round)
[12:36:01] HANG #9: no episode in 25s; rebuilding pool (kept 2894 recs this round)
[12:36:41] HANG #10: no episode in 25s; rebuilding pool (kept 2825 recs this round)
[12:38:46] HANG #11: no episode in 25s; rebuilding pool (kept 2945 recs this round)
[12:40:24] HANG #12: no episode in 25s; rebuilding pool (kept 2773 recs this round)
[12:41:43] HANG #13: no episode in 25s; rebuilding pool (kept 2843 recs this round)
[12:43:00] HANG #14: no episode in 25s; rebuilding pool (kept 2862 recs this round)
[12:43:33] HANG #15: no episode in 25s; rebuilding pool (kept 3223 recs this round)
[12:45:07] HANG #16: no episode in 25s; rebuilding pool (kept 2754 recs this round)
[12:46:11] HANG #17: no episode in 25s; rebuilding pool (kept 3058 recs this round)
[12:46:57] HANG #18: no episode in 25s; rebuilding pool (kept 2677 recs this round)
[12:47:28] HANG #19: no episode in 25s; rebuilding pool (kept 2578 recs this round)
[12:48:00] HANG #20: no episode in 25s; rebuilding pool (kept 3614 recs this round)
[12:49:32] HANG #21: no episode in 25s; rebuilding pool (kept 3720 recs this round)
[12:50:58] HANG #22: no episode in 25s; rebuilding pool (kept 3717 recs this round)
[13:14:04] GATE @3002 games: 44.0% | critic_loss=0.032 entropy=0.228 G_mean=0.586 hangs=22 [0.95 g/s]
[13:14:04]   new best 44.0% -> aac_par_belief_best.npz
[13:16:21] HANG #23: no episode in 25s; rebuilding pool (kept 3512 recs this round)
[13:17:46] HANG #24: no episode in 25s; rebuilding pool (kept 2968 recs this round)
[13:19:45] HANG #25: no episode in 25s; rebuilding pool (kept 3557 recs this round)
[13:21:51] HANG #26: no episode in 25s; rebuilding pool (kept 2756 recs this round)
[13:24:18] HANG #27: no episode in 25s; rebuilding pool (kept 3550 recs this round)
[13:24:50] HANG #28: no episode in 25s; rebuilding pool (kept 2722 recs this round)
[13:26:29] HANG #29: no episode in 25s; rebuilding pool (kept 3203 recs this round)
[13:27:48] HANG #30: no episode in 25s; rebuilding pool (kept 4065 recs this round)
[13:31:33] HANG #31: no episode in 25s; rebuilding pool (kept 3318 recs this round)
[13:32:32] HANG #32: no episode in 25s; rebuilding pool (kept 2652 recs this round)
[13:33:05] HANG #33: no episode in 25s; rebuilding pool (kept 2901 recs this round)
[13:33:37] HANG #34: no episode in 25s; rebuilding pool (kept 2842 recs this round)
[13:34:52] HANG #35: no episode in 25s; rebuilding pool (kept 3238 recs this round)
[13:35:34] HANG #36: no episode in 25s; rebuilding pool (kept 2473 recs this round)
[13:37:10] HANG #37: no episode in 25s; rebuilding pool (kept 3000 recs this round)
[13:37:53] HANG #38: no episode in 25s; rebuilding pool (kept 2941 recs this round)
[13:39:42] HANG #39: no episode in 25s; rebuilding pool (kept 2558 recs this round)
[13:41:09] HANG #40: no episode in 25s; rebuilding pool (kept 2862 recs this round)
[13:42:50] HANG #41: no episode in 25s; rebuilding pool (kept 2577 recs this round)
[13:43:22] HANG #42: no episode in 25s; rebuilding pool (kept 3116 recs this round)
[13:44:55] HANG #43: no episode in 25s; rebuilding pool (kept 3186 recs this round)
[13:47:57] HANG #44: no episode in 25s; rebuilding pool (kept 3448 recs this round)
[14:16:12] GATE @6003 games: 45.0% | critic_loss=0.021 entropy=0.227 G_mean=0.568 hangs=44 [0.87 g/s]
[14:16:12]   new best 45.0% -> aac_par_belief_best.npz
[14:17:22] HANG #45: no episode in 25s; rebuilding pool (kept 2987 recs this round)
[14:18:18] HANG #46: no episode in 25s; rebuilding pool (kept 2654 recs this round)
[14:18:54] HANG #47: no episode in 25s; rebuilding pool (kept 3022 recs this round)
[14:22:06] HANG #48: no episode in 25s; rebuilding pool (kept 3142 recs this round)
[14:23:02] HANG #49: no episode in 25s; rebuilding pool (kept 3501 recs this round)
[14:25:32] HANG #50: no episode in 25s; rebuilding pool (kept 3470 recs this round)
[14:26:14] HANG #51: no episode in 25s; rebuilding pool (kept 2797 recs this round)
[14:26:52] HANG #52: no episode in 25s; rebuilding pool (kept 3417 recs this round)
[14:29:52] HANG #53: no episode in 25s; rebuilding pool (kept 3218 recs this round)
[14:31:19] HANG #54: no episode in 25s; rebuilding pool (kept 2805 recs this round)
[14:32:59] HANG #55: no episode in 25s; rebuilding pool (kept 2873 recs this round)
[14:35:03] HANG #56: no episode in 25s; rebuilding pool (kept 3297 recs this round)
[14:35:35] HANG #57: no episode in 25s; rebuilding pool (kept 2687 recs this round)
[14:36:53] HANG #58: no episode in 25s; rebuilding pool (kept 2965 recs this round)
[14:37:45] HANG #59: no episode in 25s; rebuilding pool (kept 2510 recs this round)
[14:38:36] HANG #60: no episode in 25s; rebuilding pool (kept 2159 recs this round)
[14:39:08] HANG #61: no episode in 25s; rebuilding pool (kept 2477 recs this round)
[14:39:39] HANG #62: no episode in 25s; rebuilding pool (kept 2577 recs this round)
[14:40:27] HANG #63: no episode in 25s; rebuilding pool (kept 3322 recs this round)
[14:41:55] HANG #64: no episode in 25s; rebuilding pool (kept 3604 recs this round)
[14:43:57] HANG #65: no episode in 25s; rebuilding pool (kept 2423 recs this round)
[14:44:40] HANG #66: no episode in 25s; rebuilding pool (kept 2524 recs this round)
[14:45:22] HANG #67: no episode in 25s; rebuilding pool (kept 2989 recs this round)
[14:45:59] HANG #68: no episode in 25s; rebuilding pool (kept 2734 recs this round)
[14:46:34] HANG #69: no episode in 25s; rebuilding pool (kept 2786 recs this round)
[14:47:14] HANG #70: no episode in 25s; rebuilding pool (kept 2655 recs this round)
[14:49:15] HANG #71: no episode in 25s; rebuilding pool (kept 4574 recs this round)
[15:13:58] GATE @9019 games: 43.5% | critic_loss=0.025 entropy=0.219 G_mean=0.614 hangs=71 [0.87 g/s]
[15:14:48] HANG #72: no episode in 25s; rebuilding pool (kept 3405 recs this round)
[15:15:47] HANG #73: no episode in 25s; rebuilding pool (kept 2034 recs this round)
[15:17:01] HANG #74: no episode in 25s; rebuilding pool (kept 2892 recs this round)
[15:17:50] HANG #75: no episode in 25s; rebuilding pool (kept 2718 recs this round)
[15:21:45] HANG #76: no episode in 25s; rebuilding pool (kept 3246 recs this round)
[15:23:21] HANG #77: no episode in 25s; rebuilding pool (kept 2810 recs this round)
[15:25:07] HANG #78: no episode in 25s; rebuilding pool (kept 2753 recs this round)
[15:26:12] HANG #79: no episode in 25s; rebuilding pool (kept 2757 recs this round)
[15:27:10] HANG #80: no episode in 25s; rebuilding pool (kept 2667 recs this round)
[15:28:03] HANG #81: no episode in 25s; rebuilding pool (kept 3845 recs this round)
[15:29:56] HANG #82: no episode in 25s; rebuilding pool (kept 2487 recs this round)
[15:31:42] HANG #83: no episode in 25s; rebuilding pool (kept 3566 recs this round)
[15:32:15] HANG #84: no episode in 25s; rebuilding pool (kept 2778 recs this round)
[15:32:55] HANG #85: no episode in 25s; rebuilding pool (kept 3675 recs this round)
[15:33:29] HANG #86: no episode in 25s; rebuilding pool (kept 2254 recs this round)
[15:34:50] HANG #87: no episode in 25s; rebuilding pool (kept 2142 recs this round)
[15:37:54] HANG #88: no episode in 25s; rebuilding pool (kept 2554 recs this round)
[15:39:10] HANG #89: no episode in 25s; rebuilding pool (kept 3488 recs this round)
[15:39:42] HANG #90: no episode in 25s; rebuilding pool (kept 2969 recs this round)
[15:40:30] HANG #91: no episode in 25s; rebuilding pool (kept 3379 recs this round)
[15:41:07] HANG #92: no episode in 25s; rebuilding pool (kept 3187 recs this round)
[15:43:32] HANG #93: no episode in 25s; rebuilding pool (kept 2560 recs this round)
[15:44:32] HANG #94: no episode in 25s; rebuilding pool (kept 2947 recs this round)
[15:45:02] HANG #95: no episode in 25s; rebuilding pool (kept 2990 recs this round)
[15:45:34] HANG #96: no episode in 25s; rebuilding pool (kept 3140 recs this round)
[15:46:21] HANG #97: no episode in 25s; rebuilding pool (kept 2857 recs this round)
[15:48:07] HANG #98: no episode in 25s; rebuilding pool (kept 2639 recs this round)
[16:04:04] GATE @12039 games: 44.0% | critic_loss=0.030 entropy=0.195 G_mean=0.548 hangs=98 [0.90 g/s]
[16:05:37] HANG #99: no episode in 25s; rebuilding pool (kept 3120 recs this round)
[16:06:50] HANG #100: no episode in 25s; rebuilding pool (kept 3233 recs this round)
[16:07:22] HANG #101: no episode in 25s; rebuilding pool (kept 3195 recs this round)
