[07:34:21] warm-started actor from aac_par_h256d_best.bak.npz
[07:34:22] PAR-AAC start: games=60000 workers=6 round_ep=24 hidden=256 a_lr=0.001 ppo_epochs=4 ent=0.01 gae_lam=0.95
[07:35:26] GATE @0 games: honest actor vs handcrafted = 42.5%
[07:37:57] HANG #1: no episode in 25s; rebuilding pool (kept 3049 recs this round)
[07:39:21] HANG #2: no episode in 25s; rebuilding pool (kept 2621 recs this round)
[07:39:57] HANG #3: no episode in 25s; rebuilding pool (kept 2944 recs this round)
[07:40:57] HANG #4: no episode in 25s; rebuilding pool (kept 3162 recs this round)
[07:42:13] HANG #5: no episode in 25s; rebuilding pool (kept 3102 recs this round)
[07:45:11] HANG #6: no episode in 25s; rebuilding pool (kept 3636 recs this round)
[07:46:51] HANG #7: no episode in 25s; rebuilding pool (kept 2625 recs this round)
[07:47:37] HANG #8: no episode in 25s; rebuilding pool (kept 3045 recs this round)
[07:49:57] HANG #9: no episode in 25s; rebuilding pool (kept 2929 recs this round)
[07:51:53] HANG #10: no episode in 25s; rebuilding pool (kept 3023 recs this round)
[07:53:09] HANG #11: no episode in 25s; rebuilding pool (kept 2958 recs this round)
[07:54:16] HANG #12: no episode in 25s; rebuilding pool (kept 4119 recs this round)
[07:55:33] HANG #13: no episode in 25s; rebuilding pool (kept 2832 recs this round)
[07:57:23] HANG #14: no episode in 25s; rebuilding pool (kept 3317 recs this round)
[07:58:08] HANG #15: no episode in 25s; rebuilding pool (kept 3219 recs this round)
[07:58:40] HANG #16: no episode in 25s; rebuilding pool (kept 1996 recs this round)
[08:00:58] HANG #17: no episode in 25s; rebuilding pool (kept 3016 recs this round)
[08:01:48] HANG #18: no episode in 25s; rebuilding pool (kept 2794 recs this round)
[08:03:06] HANG #19: no episode in 25s; rebuilding pool (kept 3091 recs this round)
[08:03:47] HANG #20: no episode in 25s; rebuilding pool (kept 2849 recs this round)
[08:05:04] HANG #21: no episode in 25s; rebuilding pool (kept 1929 recs this round)
[08:06:30] HANG #22: no episode in 25s; rebuilding pool (kept 2901 recs this round)
[08:09:12] HANG #23: no episode in 25s; rebuilding pool (kept 3512 recs this round)
[08:11:06] HANG #24: no episode in 25s; rebuilding pool (kept 2658 recs this round)
[08:11:40] HANG #25: no episode in 25s; rebuilding pool (kept 3198 recs this round)
[08:13:15] HANG #26: no episode in 25s; rebuilding pool (kept 2041 recs this round)
[08:13:47] HANG #27: no episode in 25s; rebuilding pool (kept 3137 recs this round)
[08:14:58] HANG #28: no episode in 25s; rebuilding pool (kept 2788 recs this round)
[08:15:40] HANG #29: no episode in 25s; rebuilding pool (kept 3502 recs this round)
[08:16:21] HANG #30: no episode in 25s; rebuilding pool (kept 2535 recs this round)
[08:37:49] GATE @3014 games: 38.0% | critic_loss=0.032 entropy=0.219 G_mean=0.611 hangs=30 [0.81 g/s]
[08:37:49]   new best 38.0% -> aac_par_h256e_best.npz
[08:42:26] HANG #31: no episode in 25s; rebuilding pool (kept 3826 recs this round)
[08:45:41] HANG #32: no episode in 25s; rebuilding pool (kept 2958 recs this round)
[08:47:24] HANG #33: no episode in 25s; rebuilding pool (kept 3114 recs this round)
[08:48:49] HANG #34: no episode in 25s; rebuilding pool (kept 2842 recs this round)
[08:49:31] HANG #35: no episode in 25s; rebuilding pool (kept 3022 recs this round)
[08:50:53] HANG #36: no episode in 25s; rebuilding pool (kept 3521 recs this round)
[08:52:13] HANG #37: no episode in 25s; rebuilding pool (kept 3484 recs this round)
[08:53:03] HANG #38: no episode in 25s; rebuilding pool (kept 3464 recs this round)
[08:54:24] HANG #39: no episode in 25s; rebuilding pool (kept 3497 recs this round)
[08:55:36] HANG #40: no episode in 25s; rebuilding pool (kept 3941 recs this round)
[08:56:22] HANG #41: no episode in 25s; rebuilding pool (kept 3198 recs this round)
[08:58:06] HANG #42: no episode in 25s; rebuilding pool (kept 3419 recs this round)
[08:58:58] HANG #43: no episode in 25s; rebuilding pool (kept 2206 recs this round)
[09:04:39] HANG #44: no episode in 25s; rebuilding pool (kept 2846 recs this round)
[09:09:11] HANG #45: no episode in 25s; rebuilding pool (kept 3269 recs this round)
[09:11:15] HANG #46: no episode in 25s; rebuilding pool (kept 2866 recs this round)
[09:12:31] HANG #47: no episode in 25s; rebuilding pool (kept 2830 recs this round)
[09:13:20] HANG #48: no episode in 25s; rebuilding pool (kept 2995 recs this round)
[09:13:56] HANG #49: no episode in 25s; rebuilding pool (kept 3195 recs this round)
[09:14:28] HANG #50: no episode in 25s; rebuilding pool (kept 2402 recs this round)
[09:23:43] GATE @6016 games: 40.5% | critic_loss=0.035 entropy=0.287 G_mean=0.609 hangs=50 [0.93 g/s]
[09:23:43]   new best 40.5% -> aac_par_h256e_best.npz
[09:24:23] HANG #51: no episode in 25s; rebuilding pool (kept 3504 recs this round)
[09:26:24] HANG #52: no episode in 25s; rebuilding pool (kept 2944 recs this round)
[09:27:44] HANG #53: no episode in 25s; rebuilding pool (kept 3026 recs this round)
[09:29:05] HANG #54: no episode in 25s; rebuilding pool (kept 3109 recs this round)
[09:30:42] HANG #55: no episode in 25s; rebuilding pool (kept 3482 recs this round)
[09:31:41] HANG #56: no episode in 25s; rebuilding pool (kept 3643 recs this round)
[09:36:05] HANG #57: no episode in 25s; rebuilding pool (kept 2471 recs this round)
[09:38:01] HANG #58: no episode in 25s; rebuilding pool (kept 2373 recs this round)
[09:39:29] HANG #59: no episode in 25s; rebuilding pool (kept 3681 recs this round)
[09:40:16] HANG #60: no episode in 25s; rebuilding pool (kept 3261 recs this round)
[09:40:59] HANG #61: no episode in 25s; rebuilding pool (kept 3009 recs this round)
[09:41:45] HANG #62: no episode in 25s; rebuilding pool (kept 3058 recs this round)
[09:42:15] HANG #63: no episode in 25s; rebuilding pool (kept 3252 recs this round)
[09:43:14] HANG #64: no episode in 25s; rebuilding pool (kept 2920 recs this round)
[09:46:00] HANG #65: no episode in 25s; rebuilding pool (kept 2079 recs this round)
[09:48:50] HANG #66: no episode in 25s; rebuilding pool (kept 2506 recs this round)
[09:50:48] HANG #67: no episode in 25s; rebuilding pool (kept 2705 recs this round)
[09:51:29] HANG #68: no episode in 25s; rebuilding pool (kept 2280 recs this round)
[10:18:28] GATE @9018 games: 41.5% | critic_loss=0.027 entropy=0.270 G_mean=0.605 hangs=68 [0.92 g/s]
[10:18:28]   new best 41.5% -> aac_par_h256e_best.npz
[10:19:38] HANG #69: no episode in 25s; rebuilding pool (kept 2967 recs this round)
[10:24:11] HANG #70: no episode in 25s; rebuilding pool (kept 2806 recs this round)
[10:25:16] HANG #71: no episode in 25s; rebuilding pool (kept 2619 recs this round)
[10:26:53] HANG #72: no episode in 25s; rebuilding pool (kept 2507 recs this round)
[10:27:35] HANG #73: no episode in 25s; rebuilding pool (kept 3659 recs this round)
[10:28:42] HANG #74: no episode in 25s; rebuilding pool (kept 2584 recs this round)
[10:29:47] HANG #75: no episode in 25s; rebuilding pool (kept 2971 recs this round)
[10:30:28] HANG #76: no episode in 25s; rebuilding pool (kept 3001 recs this round)
[10:33:12] HANG #77: no episode in 25s; rebuilding pool (kept 2313 recs this round)
[10:34:51] HANG #78: no episode in 25s; rebuilding pool (kept 2522 recs this round)
[10:38:59] HANG #79: no episode in 25s; rebuilding pool (kept 3158 recs this round)
[10:39:46] HANG #80: no episode in 25s; rebuilding pool (kept 2633 recs this round)
[10:40:29] HANG #81: no episode in 25s; rebuilding pool (kept 2414 recs this round)
[10:41:01] HANG #82: no episode in 25s; rebuilding pool (kept 2688 recs this round)
[10:41:50] HANG #83: no episode in 25s; rebuilding pool (kept 3347 recs this round)
[10:44:41] HANG #84: no episode in 25s; rebuilding pool (kept 3317 recs this round)
[10:45:18] HANG #85: no episode in 25s; rebuilding pool (kept 3109 recs this round)
[10:47:39] HANG #86: no episode in 25s; rebuilding pool (kept 2159 recs this round)
[10:48:18] HANG #87: no episode in 25s; rebuilding pool (kept 2706 recs this round)
[10:59:34] GATE @12023 games: 38.0% | critic_loss=0.030 entropy=0.233 G_mean=0.604 hangs=87 [0.98 g/s]
[11:01:14] HANG #88: no episode in 25s; rebuilding pool (kept 2535 recs this round)
[11:08:36] HANG #89: no episode in 25s; rebuilding pool (kept 2976 recs this round)
[11:09:53] HANG #90: no episode in 25s; rebuilding pool (kept 2986 recs this round)
[11:11:44] HANG #91: no episode in 25s; rebuilding pool (kept 2681 recs this round)
[11:14:04] HANG #92: no episode in 25s; rebuilding pool (kept 2125 recs this round)
[11:18:20] HANG #93: no episode in 25s; rebuilding pool (kept 3726 recs this round)
[11:20:38] HANG #94: no episode in 25s; rebuilding pool (kept 2130 recs this round)
[11:22:05] HANG #95: no episode in 25s; rebuilding pool (kept 3327 recs this round)
[11:22:40] HANG #96: no episode in 25s; rebuilding pool (kept 2092 recs this round)
[11:24:21] HANG #97: no episode in 25s; rebuilding pool (kept 2838 recs this round)
[11:25:24] HANG #98: no episode in 25s; rebuilding pool (kept 2964 recs this round)
[11:28:40] HANG #99: no episode in 25s; rebuilding pool (kept 2759 recs this round)
[11:30:35] HANG #100: no episode in 25s; rebuilding pool (kept 2848 recs this round)
[12:03:19] GATE @15032 games: 44.0% | critic_loss=0.033 entropy=0.247 G_mean=0.647 hangs=100 [0.94 g/s]
[12:03:19]   new best 44.0% -> aac_par_h256e_best.npz
[12:06:14] HANG #101: no episode in 25s; rebuilding pool (kept 3537 recs this round)
[12:06:45] HANG #102: no episode in 25s; rebuilding pool (kept 2696 recs this round)
[12:07:31] HANG #103: no episode in 25s; rebuilding pool (kept 2874 recs this round)
[12:08:12] HANG #104: no episode in 25s; rebuilding pool (kept 2835 recs this round)
[12:08:43] HANG #105: no episode in 25s; rebuilding pool (kept 2917 recs this round)
[12:09:49] HANG #106: no episode in 25s; rebuilding pool (kept 2439 recs this round)
[12:11:37] HANG #107: no episode in 25s; rebuilding pool (kept 2321 recs this round)
[12:12:35] HANG #108: no episode in 25s; rebuilding pool (kept 3065 recs this round)
[12:14:11] HANG #109: no episode in 25s; rebuilding pool (kept 3072 recs this round)
[12:14:48] HANG #110: no episode in 25s; rebuilding pool (kept 2732 recs this round)
[12:17:22] HANG #111: no episode in 25s; rebuilding pool (kept 3304 recs this round)
[12:19:17] HANG #112: no episode in 25s; rebuilding pool (kept 3300 recs this round)
