engine 0.5.0 protocol 2; features 825 (schema v2: 128 defs x 5 zones + 35 scalars + castability/race block); decks 8; td-lambda 1.00
search: SearchConfig(top_k=4, playouts=1, budget=120, playout_max_eval=8, playout_epsilon=0.1); prior-frac 0.50
league: handcrafted 0.15, frozen 0.25 across 1 snapshot(s) ['penta_net.ckpt-v3-24000.npz']
ring: resumed 150000 samples + momentum from penta_ring.npz
games    64  eps 0.100  loss 0.3698  samples  7214  replay 150000  len 345.8  caps 4   1.35 games/s
games   128  eps 0.100  loss 0.3666  samples  7962  replay 150000  len 375.7  caps 5   1.25 games/s
games   192  eps 0.099  loss 0.3689  samples  8196  replay 150000  len 368.0  caps 2   1.21 games/s
games   256  eps 0.099  loss 0.3653  samples  7308  replay 150000  len 378.3  caps 6   1.21 games/s
games   320  eps 0.099  loss 0.3718  samples  7471  replay 150000  len 388.7  caps 7   1.16 games/s
games   384  eps 0.098  loss 0.3795  samples  8645  replay 150000  len 369.5  caps 3   1.17 games/s
games   448  eps 0.098  loss 0.3679  samples  7017  replay 150000  len 360.6  caps 6   1.13 games/s
games   512  eps 0.098  loss 0.3718  samples  7059  replay 150000  len 390.9  caps 9   1.09 games/s
games   576  eps 0.097  loss 0.3816  samples  8412  replay 150000  len 391.2  caps 5   1.10 games/s
games   640  eps 0.097  loss 0.3771  samples  7477  replay 150000  len 381.2  caps 7   1.06 games/s
games   704  eps 0.097  loss 0.3659  samples  7742  replay 150000  len 363.9  caps 4   1.08 games/s
games   768  eps 0.096  loss 0.3799  samples  8456  replay 150000  len 368.6  caps 2   1.09 games/s
games   832  eps 0.096  loss 0.3774  samples  7991  replay 150000  len 379.5  caps 4   1.08 games/s
games   896  eps 0.096  loss 0.3748  samples  7946  replay 150000  len 369.3  caps 4   1.09 games/s
games   960  eps 0.096  loss 0.3805  samples  7848  replay 150000  len 380.0  caps 5   1.08 games/s
games  1024  eps 0.095  loss 0.3825  samples  7929  replay 150000  len 368.4  caps 4   1.09 games/s
games  1088  eps 0.095  loss 0.3736  samples  8667  replay 150000  len 397.5  caps 4   1.09 games/s
games  1152  eps 0.095  loss 0.3779  samples  7996  replay 150000  len 411.0  caps 7   1.08 games/s
games  1216  eps 0.094  loss 0.3817  samples  7874  replay 150000  len 384.6  caps 6   1.08 games/s
games  1280  eps 0.094  loss 0.3817  samples  7399  replay 150000  len 382.2  caps 7   1.09 games/s
games  1344  eps 0.094  loss 0.3754  samples  7631  replay 150000  len 384.6  caps 7   1.10 games/s
games  1408  eps 0.093  loss 0.3853  samples  7943  replay 150000  len 391.6  caps 6   1.09 games/s
games  1472  eps 0.093  loss 0.3801  samples  8551  replay 150000  len 376.8  caps 4   1.09 games/s
games  1536  eps 0.093  loss 0.3956  samples  7836  replay 150000  len 363.0  caps 5   1.10 games/s
games  1600  eps 0.092  loss 0.3936  samples  6282  replay 150000  len 342.5  caps 7   1.11 games/s
games  1664  eps 0.092  loss 0.3961  samples  7677  replay 150000  len 377.8  caps 6   1.10 games/s
games  1728  eps 0.092  loss 0.3817  samples  7607  replay 150000  len 379.9  caps 7   1.11 games/s
games  1792  eps 0.091  loss 0.3884  samples  7810  replay 150000  len 387.9  caps 6   1.11 games/s
games  1856  eps 0.091  loss 0.3775  samples  7794  replay 150000  len 388.1  caps 6   1.12 games/s
games  1920  eps 0.091  loss 0.3936  samples  7605  replay 150000  len 368.0  caps 3   1.12 games/s
games  1984  eps 0.090  loss 0.3794  samples  7832  replay 150000  len 377.5  caps 3   1.13 games/s
games  2048  eps 0.090  loss 0.3916  samples  7445  replay 150000  len 367.6  caps 5   1.13 games/s
games  2112  eps 0.090  loss 0.3866  samples  7286  replay 150000  len 377.1  caps 6   1.13 games/s
games  2176  eps 0.089  loss 0.3868  samples  7978  replay 150000  len 388.2  caps 7   1.13 games/s
games  2240  eps 0.089  loss 0.3788  samples  8345  replay 150000  len 383.1  caps 3   1.13 games/s
games  2304  eps 0.089  loss 0.3856  samples  8586  replay 150000  len 399.3  caps 4   1.14 games/s
games  2368  eps 0.088  loss 0.3884  samples  7568  replay 150000  len 363.5  caps 5   1.14 games/s
games  2432  eps 0.088  loss 0.3791  samples  7430  replay 150000  len 366.7  caps 7   1.14 games/s
games  2496  eps 0.088  loss 0.3816  samples  7184  replay 150000  len 363.9  caps 7   1.15 games/s
games  2560  eps 0.088  loss 0.3878  samples  8353  replay 150000  len 383.2  caps 3   1.15 games/s
games  2624  eps 0.087  loss 0.3894  samples  8001  replay 150000  len 370.2  caps 3   1.16 games/s
games  2688  eps 0.087  loss 0.3814  samples  7485  replay 150000  len 354.3  caps 4   1.16 games/s
games  2752  eps 0.087  loss 0.3871  samples  7849  replay 150000  len 374.5  caps 6   1.16 games/s
games  2816  eps 0.086  loss 0.3761  samples  7654  replay 150000  len 370.1  caps 5   1.16 games/s
games  2880  eps 0.086  loss 0.3769  samples  7716  replay 150000  len 390.8  caps 6   1.17 games/s
games  2944  eps 0.086  loss 0.3797  samples  8491  replay 150000  len 357.1  caps 1   1.17 games/s
games  3008  eps 0.085  loss 0.3737  samples  7434  replay 150000  len 385.8  caps 8   1.17 games/s
games  3072  eps 0.085  loss 0.3797  samples  7560  replay 150000  len 389.8  caps 8   1.18 games/s
games  3136  eps 0.085  loss 0.3753  samples  7680  replay 150000  len 409.5  caps 8   1.16 games/s
games  3200  eps 0.084  loss 0.3727  samples  7969  replay 150000  len 384.7  caps 4   1.16 games/s
games  3264  eps 0.084  loss 0.3778  samples  7849  replay 150000  len 392.3  caps 6   1.17 games/s
games  3328  eps 0.084  loss 0.3693  samples  8292  replay 150000  len 368.8  caps 2   1.17 games/s
games  3392  eps 0.083  loss 0.3680  samples  7666  replay 150000  len 366.6  caps 6   1.18 games/s
games  3456  eps 0.083  loss 0.3579  samples  8241  replay 150000  len 386.4  caps 4   1.18 games/s
games  3520  eps 0.083  loss 0.3710  samples  7690  replay 150000  len 379.1  caps 6   1.18 games/s
games  3584  eps 0.082  loss 0.3701  samples  7455  replay 150000  len 388.4  caps 8   1.17 games/s
games  3648  eps 0.082  loss 0.3714  samples  9051  replay 150000  len 391.6  caps 4   1.17 games/s
games  3712  eps 0.082  loss 0.3665  samples  7856  replay 150000  len 391.9  caps 9   1.17 games/s
games  3776  eps 0.081  loss 0.3705  samples  8697  replay 150000  len 388.3  caps 4   1.18 games/s
games  3840  eps 0.081  loss 0.3588  samples  7777  replay 150000  len 395.4  caps 9   1.18 games/s
games  3904  eps 0.081  loss 0.3775  samples  9230  replay 150000  len 378.0  caps 1   1.18 games/s
games  3968  eps 0.080  loss 0.3696  samples  8301  replay 150000  len 376.4  caps 5   1.17 games/s
games  4000  eps 0.080  loss 0.3621  samples  4410  replay 150000  len 384.4  caps 1   1.17 games/s
ring: saved 150000 samples + momentum -> penta_ring.npz
done: 4000 games -> penta_net_latest.npz
