engine 0.5.0 protocol 2; features 825 (schema v2: 128 defs x 5 zones + 35 scalars + castability/race block); decks 8; td-lambda 1.00
search: SearchConfig(top_k=4, playouts=1, budget=120, playout_max_eval=8, playout_epsilon=0.1); prior-frac 0.50
league: handcrafted 0.15, frozen 0.25 across 1 snapshot(s) ['penta_net.ckpt-v3-28000.npz']
ring: resumed 150000 samples + momentum from penta_ring.npz
games    64  eps 0.100  loss 0.3710  samples  8237  replay 150000  len 355.7  caps 3   0.87 games/s
games   128  eps 0.100  loss 0.3641  samples  8707  replay 150000  len 383.3  caps 3   0.92 games/s
games   192  eps 0.099  loss 0.3650  samples  8802  replay 150000  len 391.0  caps 3   1.00 games/s
games   256  eps 0.099  loss 0.3707  samples  7519  replay 150000  len 389.2  caps 8   1.03 games/s
games   320  eps 0.099  loss 0.3685  samples  8768  replay 150000  len 396.0  caps 3   1.05 games/s
games   384  eps 0.098  loss 0.3618  samples  7670  replay 150000  len 380.7  caps 6   1.05 games/s
games   448  eps 0.098  loss 0.3589  samples  8368  replay 150000  len 366.8  caps 3   1.09 games/s
games   512  eps 0.098  loss 0.3656  samples  6430  replay 150000  len 393.5  caps 12   1.07 games/s
games   576  eps 0.097  loss 0.3679  samples  7253  replay 150000  len 383.5  caps 8   1.07 games/s
games   640  eps 0.097  loss 0.3686  samples  8413  replay 150000  len 377.6  caps 2   1.10 games/s
games   704  eps 0.097  loss 0.3599  samples  7926  replay 150000  len 380.5  caps 6   1.12 games/s
games   768  eps 0.096  loss 0.3658  samples  8001  replay 150000  len 372.1  caps 4   1.15 games/s
games   832  eps 0.096  loss 0.3651  samples  8720  replay 150000  len 367.2  caps 1   1.17 games/s
games   896  eps 0.096  loss 0.3617  samples  8151  replay 150000  len 395.4  caps 6   1.17 games/s
games   960  eps 0.096  loss 0.3575  samples  7646  replay 150000  len 399.0  caps 7   1.15 games/s
games  1024  eps 0.095  loss 0.3534  samples  7696  replay 150000  len 383.1  caps 5   1.16 games/s
games  1088  eps 0.095  loss 0.3476  samples  7831  replay 150000  len 397.6  caps 7   1.15 games/s
games  1152  eps 0.095  loss 0.3515  samples  8122  replay 150000  len 389.0  caps 5   1.15 games/s
games  1216  eps 0.094  loss 0.3517  samples  7825  replay 150000  len 390.1  caps 6   1.15 games/s
games  1280  eps 0.094  loss 0.3553  samples  8136  replay 150000  len 370.1  caps 3   1.14 games/s
games  1344  eps 0.094  loss 0.3483  samples  7448  replay 150000  len 363.3  caps 6   1.15 games/s
games  1408  eps 0.093  loss 0.3476  samples  6802  replay 150000  len 374.4  caps 8   1.15 games/s
games  1472  eps 0.093  loss 0.3585  samples  7885  replay 150000  len 373.3  caps 4   1.15 games/s
games  1536  eps 0.093  loss 0.3383  samples  8108  replay 150000  len 402.7  caps 7   1.14 games/s
games  1600  eps 0.092  loss 0.3544  samples  7375  replay 150000  len 386.1  caps 8   1.15 games/s
games  1664  eps 0.092  loss 0.3576  samples  8007  replay 150000  len 412.1  caps 7   1.15 games/s
games  1728  eps 0.092  loss 0.3600  samples  7368  replay 150000  len 396.5  caps 9   1.14 games/s
games  1792  eps 0.091  loss 0.3578  samples  7845  replay 150000  len 368.5  caps 4   1.15 games/s
games  1856  eps 0.091  loss 0.3465  samples  8290  replay 150000  len 373.3  caps 4   1.15 games/s
games  1920  eps 0.091  loss 0.3485  samples  7337  replay 150000  len 406.6  caps 10   1.13 games/s
games  1984  eps 0.090  loss 0.3443  samples  8123  replay 150000  len 368.6  caps 3   1.13 games/s
games  2048  eps 0.090  loss 0.3514  samples  8485  replay 150000  len 388.4  caps 4   1.13 games/s
games  2112  eps 0.090  loss 0.3669  samples  8642  replay 150000  len 385.1  caps 5   1.13 games/s
games  2176  eps 0.089  loss 0.3560  samples  8158  replay 150000  len 395.0  caps 7   1.13 games/s
games  2240  eps 0.089  loss 0.3663  samples  7594  replay 150000  len 353.4  caps 4   1.13 games/s
games  2304  eps 0.089  loss 0.3729  samples  8096  replay 150000  len 399.5  caps 7   1.13 games/s
games  2368  eps 0.088  loss 0.3652  samples  8035  replay 150000  len 392.6  caps 6   1.14 games/s
games  2432  eps 0.088  loss 0.3531  samples  7267  replay 150000  len 401.5  caps 10   1.14 games/s
games  2496  eps 0.088  loss 0.3699  samples  7763  replay 150000  len 365.8  caps 3   1.14 games/s
games  2560  eps 0.088  loss 0.3699  samples  8029  replay 150000  len 393.2  caps 7   1.14 games/s
games  2624  eps 0.087  loss 0.3633  samples  8086  replay 150000  len 411.1  caps 9   1.15 games/s
games  2688  eps 0.087  loss 0.3583  samples  7978  replay 150000  len 377.7  caps 5   1.15 games/s
games  2752  eps 0.087  loss 0.3725  samples  7575  replay 150000  len 414.2  caps 8   1.16 games/s
games  2816  eps 0.086  loss 0.3728  samples  7774  replay 150000  len 386.9  caps 6   1.15 games/s
games  2880  eps 0.086  loss 0.3742  samples  7778  replay 150000  len 374.0  caps 5   1.15 games/s
games  2944  eps 0.086  loss 0.3795  samples  8373  replay 150000  len 397.0  caps 5   1.15 games/s
games  3008  eps 0.085  loss 0.3982  samples  8687  replay 150000  len 431.1  caps 9   1.15 games/s
games  3072  eps 0.085  loss 0.4035  samples  7240  replay 150000  len 391.5  caps 9   1.15 games/s
games  3136  eps 0.085  loss 0.4062  samples  9145  replay 150000  len 391.0  caps 1   1.15 games/s
games  3200  eps 0.084  loss 0.3948  samples  7995  replay 150000  len 380.8  caps 4   1.16 games/s
games  3264  eps 0.084  loss 0.3916  samples  7500  replay 150000  len 357.2  caps 4   1.16 games/s
games  3328  eps 0.084  loss 0.3779  samples  7387  replay 150000  len 378.8  caps 7   1.17 games/s
games  3392  eps 0.083  loss 0.3836  samples  8261  replay 150000  len 377.9  caps 3   1.16 games/s
games  3456  eps 0.083  loss 0.3944  samples  8323  replay 150000  len 390.2  caps 5   1.16 games/s
games  3520  eps 0.083  loss 0.3927  samples  8569  replay 150000  len 398.5  caps 4   1.16 games/s
games  3584  eps 0.082  loss 0.3912  samples  8484  replay 150000  len 415.8  caps 8   1.16 games/s
games  3648  eps 0.082  loss 0.3914  samples  8107  replay 150000  len 392.4  caps 7   1.15 games/s
games  3712  eps 0.082  loss 0.3876  samples  8666  replay 150000  len 378.4  caps 3   1.15 games/s
games  3776  eps 0.081  loss 0.3865  samples  6685  replay 150000  len 385.2  caps 10   1.15 games/s
games  3840  eps 0.081  loss 0.3840  samples  7698  replay 150000  len 373.6  caps 4   1.16 games/s
games  3904  eps 0.081  loss 0.3830  samples  8685  replay 150000  len 391.1  caps 3   1.16 games/s
games  3968  eps 0.080  loss 0.3750  samples  8384  replay 150000  len 371.6  caps 2   1.17 games/s
games  4000  eps 0.080  loss 0.3703  samples  4035  replay 150000  len 384.8  caps 3   1.16 games/s
ring: saved 150000 samples + momentum -> penta_ring.npz
done: 4000 games -> penta_net_latest.npz
