engine 0.5.0 protocol 2; features 825 (schema v2: 128 defs x 5 zones + 35 scalars + castability/race block); decks 8; td-lambda 1.00
search: SearchConfig(top_k=4, playouts=1, budget=120, playout_max_eval=8, playout_epsilon=0.1); prior-frac 0.50
league: handcrafted 0.15, frozen 0.25 across 1 snapshot(s) ['penta_net.ckpt-v5-48000.npz']
games    64  eps 0.100  loss 0.3778  samples  8180  replay   8180  len 357.3  caps 3   0.88 games/s
games   128  eps 0.100  loss 0.3900  samples  9010  replay  17190  len 361.0  caps 1   0.80 games/s
games   192  eps 0.099  loss 0.3861  samples  8928  replay  26118  len 388.0  caps 5   0.83 games/s
games   256  eps 0.099  loss 0.3856  samples  9169  replay  35287  len 360.4  caps 0   0.84 games/s
games   320  eps 0.099  loss 0.3753  samples  7391  replay  42678  len 344.1  caps 5   0.87 games/s
games   384  eps 0.098  loss 0.3815  samples  9437  replay  52115  len 360.1  caps 0   0.89 games/s
games   448  eps 0.098  loss 0.3983  samples  8870  replay  60985  len 369.9  caps 2   0.86 games/s
games   512  eps 0.098  loss 0.4006  samples  8940  replay  69925  len 368.3  caps 2   0.88 games/s
games   576  eps 0.097  loss 0.3873  samples  9798  replay  79723  len 371.3  caps 1   0.89 games/s
games   640  eps 0.097  loss 0.3760  samples  8517  replay  88240  len 366.4  caps 3   0.91 games/s
games   704  eps 0.097  loss 0.3825  samples  8299  replay  96539  len 346.3  caps 3   0.92 games/s
games   768  eps 0.096  loss 0.3815  samples  8692  replay 105231  len 361.8  caps 3   0.93 games/s
games   832  eps 0.096  loss 0.3763  samples  8411  replay 113642  len 357.5  caps 4   0.93 games/s
games   896  eps 0.096  loss 0.3847  samples  8917  replay 122559  len 357.5  caps 2   0.94 games/s
games   960  eps 0.096  loss 0.3863  samples  8812  replay 131371  len 374.3  caps 4   0.93 games/s
games  1024  eps 0.095  loss 0.3836  samples  8669  replay 140040  len 353.2  caps 1   0.93 games/s
games  1088  eps 0.095  loss 0.3826  samples  9347  replay 149387  len 374.6  caps 1   0.92 games/s
games  1152  eps 0.095  loss 0.3850  samples  8156  replay 150000  len 362.6  caps 5   0.92 games/s
games  1216  eps 0.094  loss 0.3881  samples  9093  replay 150000  len 372.3  caps 2   0.93 games/s
games  1280  eps 0.094  loss 0.3747  samples  8785  replay 150000  len 365.7  caps 2   0.93 games/s
games  1344  eps 0.094  loss 0.3840  samples  8970  replay 150000  len 380.0  caps 3   0.94 games/s
games  1408  eps 0.093  loss 0.3806  samples  7956  replay 150000  len 345.0  caps 3   0.94 games/s
games  1472  eps 0.093  loss 0.3821  samples  8771  replay 150000  len 369.2  caps 4   0.92 games/s
games  1536  eps 0.093  loss 0.3733  samples  8593  replay 150000  len 379.1  caps 6   0.91 games/s
games  1600  eps 0.092  loss 0.3714  samples  8430  replay 150000  len 350.5  caps 1   0.91 games/s
games  1664  eps 0.092  loss 0.3690  samples  8561  replay 150000  len 361.7  caps 5   0.90 games/s
games  1728  eps 0.092  loss 0.3636  samples  9054  replay 150000  len 360.2  caps 2   0.90 games/s
games  1792  eps 0.091  loss 0.3646  samples  8135  replay 150000  len 367.8  caps 6   0.88 games/s
games  1856  eps 0.091  loss 0.3634  samples  8170  replay 150000  len 364.0  caps 4   0.87 games/s
games  1920  eps 0.091  loss 0.3710  samples  8806  replay 150000  len 363.5  caps 3   0.87 games/s
games  1984  eps 0.090  loss 0.3611  samples  8431  replay 150000  len 357.5  caps 4   0.88 games/s
games  2048  eps 0.090  loss 0.3679  samples  9128  replay 150000  len 381.0  caps 3   0.87 games/s
games  2112  eps 0.090  loss 0.3654  samples  7853  replay 150000  len 386.8  caps 7   0.87 games/s
games  2176  eps 0.089  loss 0.3622  samples  8895  replay 150000  len 357.8  caps 2   0.88 games/s
games  2240  eps 0.089  loss 0.3776  samples  8419  replay 150000  len 349.0  caps 2   0.88 games/s
games  2304  eps 0.089  loss 0.3664  samples  8634  replay 150000  len 376.9  caps 4   0.88 games/s
games  2368  eps 0.088  loss 0.3725  samples  8780  replay 150000  len 385.6  caps 5   0.89 games/s
games  2432  eps 0.088  loss 0.3818  samples  8131  replay 150000  len 364.0  caps 3   0.89 games/s
games  2496  eps 0.088  loss 0.3712  samples  8095  replay 150000  len 353.5  caps 2   0.89 games/s
games  2560  eps 0.088  loss 0.3770  samples  8276  replay 150000  len 360.8  caps 4   0.89 games/s
games  2624  eps 0.087  loss 0.3761  samples  8432  replay 150000  len 374.6  caps 4   0.89 games/s
games  2688  eps 0.087  loss 0.3793  samples  8229  replay 150000  len 372.2  caps 5   0.89 games/s
games  2752  eps 0.087  loss 0.3775  samples  9732  replay 150000  len 366.3  caps 0   0.89 games/s
games  2816  eps 0.086  loss 0.3819  samples  8573  replay 150000  len 396.1  caps 6   0.89 games/s
games  2880  eps 0.086  loss 0.3791  samples  8704  replay 150000  len 384.2  caps 5   0.88 games/s
games  2944  eps 0.086  loss 0.3787  samples  8899  replay 150000  len 378.8  caps 5   0.88 games/s
games  3008  eps 0.085  loss 0.3897  samples  8879  replay 150000  len 377.3  caps 3   0.88 games/s
games  3072  eps 0.085  loss 0.3887  samples  8754  replay 150000  len 385.6  caps 5   0.88 games/s
games  3136  eps 0.085  loss 0.3978  samples  8004  replay 150000  len 349.1  caps 4   0.88 games/s
games  3200  eps 0.084  loss 0.3917  samples  8418  replay 150000  len 389.7  caps 6   0.89 games/s
games  3264  eps 0.084  loss 0.3815  samples  7932  replay 150000  len 352.2  caps 5   0.89 games/s
games  3328  eps 0.084  loss 0.3893  samples  9053  replay 150000  len 368.9  caps 2   0.89 games/s
games  3392  eps 0.083  loss 0.3937  samples  8879  replay 150000  len 399.3  caps 6   0.90 games/s
games  3456  eps 0.083  loss 0.3788  samples  8636  replay 150000  len 377.9  caps 4   0.90 games/s
games  3520  eps 0.083  loss 0.3770  samples  8356  replay 150000  len 348.6  caps 2   0.90 games/s
games  3584  eps 0.082  loss 0.3895  samples  9469  replay 150000  len 386.9  caps 4   0.90 games/s
games  3648  eps 0.082  loss 0.3858  samples  8419  replay 150000  len 376.9  caps 6   0.90 games/s
games  3712  eps 0.082  loss 0.3738  samples  7668  replay 150000  len 352.5  caps 6   0.91 games/s
games  3776  eps 0.081  loss 0.3825  samples  8769  replay 150000  len 353.3  caps 2   0.91 games/s
games  3840  eps 0.081  loss 0.3768  samples  9305  replay 150000  len 364.2  caps 2   0.91 games/s
games  3904  eps 0.081  loss 0.3782  samples  8176  replay 150000  len 374.3  caps 6   0.91 games/s
games  3968  eps 0.080  loss 0.3742  samples  8859  replay 150000  len 385.8  caps 5   0.90 games/s
games  4000  eps 0.080  loss 0.3600  samples  4179  replay 150000  len 366.0  caps 3   0.91 games/s
ring: saved 150000 samples + momentum -> penta_ring.npz
done: 4000 games -> penta_net_latest.npz
