engine 0.5.0 protocol 2; features 825 (schema v2: 128 defs x 5 zones + 35 scalars + castability/race block); decks 8; td-lambda 1.00
search: SearchConfig(top_k=4, playouts=1, budget=120, playout_max_eval=8, playout_epsilon=0.1); prior-frac 0.50
league: handcrafted 0.15, frozen 0.25 across 1 snapshot(s) ['penta_net.ckpt-v3-20000.npz']
ring: resumed 150000 samples + momentum from penta_ring.npz
games    64  eps 0.100  loss 0.4007  samples  8690  replay 150000  len 383.5  caps 2   1.00 games/s
games   128  eps 0.100  loss 0.4080  samples  7363  replay 150000  len 393.7  caps 9   1.06 games/s
games   192  eps 0.099  loss 0.4002  samples  8150  replay 150000  len 381.6  caps 5   1.07 games/s
games   256  eps 0.099  loss 0.4119  samples  7792  replay 150000  len 377.9  caps 5   1.07 games/s
games   320  eps 0.099  loss 0.4185  samples  8002  replay 150000  len 376.2  caps 5   1.08 games/s
games   384  eps 0.098  loss 0.4090  samples  6796  replay 150000  len 409.7  caps 12   1.12 games/s
games   448  eps 0.098  loss 0.4063  samples  7632  replay 150000  len 366.6  caps 5   1.13 games/s
games   512  eps 0.098  loss 0.4012  samples  7967  replay 150000  len 386.2  caps 6   1.13 games/s
games   576  eps 0.097  loss 0.3945  samples  8624  replay 150000  len 389.2  caps 3   1.15 games/s
games   640  eps 0.097  loss 0.3861  samples  7730  replay 150000  len 360.2  caps 3   1.17 games/s
games   704  eps 0.097  loss 0.3906  samples  7281  replay 150000  len 362.0  caps 6   1.18 games/s
games   768  eps 0.096  loss 0.3961  samples  7650  replay 150000  len 383.1  caps 7   1.16 games/s
games   832  eps 0.096  loss 0.3879  samples  9034  replay 150000  len 400.5  caps 4   1.13 games/s
games   896  eps 0.096  loss 0.3806  samples  8175  replay 150000  len 391.3  caps 5   1.14 games/s
games   960  eps 0.096  loss 0.3756  samples  7130  replay 150000  len 391.0  caps 8   1.14 games/s
games  1024  eps 0.095  loss 0.3808  samples  7927  replay 150000  len 383.2  caps 5   1.14 games/s
games  1088  eps 0.095  loss 0.3839  samples  7844  replay 150000  len 389.8  caps 6   1.15 games/s
games  1152  eps 0.095  loss 0.3831  samples  6672  replay 150000  len 347.9  caps 6   1.16 games/s
games  1216  eps 0.094  loss 0.3965  samples  6681  replay 150000  len 370.1  caps 7   1.18 games/s
games  1280  eps 0.094  loss 0.3893  samples  7350  replay 150000  len 333.0  caps 2   1.19 games/s
games  1344  eps 0.094  loss 0.3922  samples  7345  replay 150000  len 377.2  caps 4   1.19 games/s
games  1408  eps 0.093  loss 0.3827  samples  7677  replay 150000  len 387.5  caps 5   1.20 games/s
games  1472  eps 0.093  loss 0.3815  samples  7627  replay 150000  len 372.3  caps 3   1.20 games/s
games  1536  eps 0.093  loss 0.3814  samples  7340  replay 150000  len 372.9  caps 5   1.20 games/s
games  1600  eps 0.092  loss 0.3775  samples  7319  replay 150000  len 370.2  caps 3   1.21 games/s
games  1664  eps 0.092  loss 0.3838  samples  7813  replay 150000  len 387.9  caps 8   1.20 games/s
games  1728  eps 0.092  loss 0.3886  samples  8195  replay 150000  len 367.8  caps 3   1.18 games/s
games  1792  eps 0.091  loss 0.3849  samples  7539  replay 150000  len 381.7  caps 6   1.18 games/s
games  1856  eps 0.091  loss 0.3794  samples  8341  replay 150000  len 395.1  caps 4   1.18 games/s
games  1920  eps 0.091  loss 0.3878  samples  7631  replay 150000  len 367.4  caps 5   1.17 games/s
games  1984  eps 0.090  loss 0.3899  samples  8207  replay 150000  len 382.8  caps 4   1.17 games/s
games  2048  eps 0.090  loss 0.3846  samples  7949  replay 150000  len 362.1  caps 3   1.16 games/s
games  2112  eps 0.090  loss 0.3862  samples  7785  replay 150000  len 406.6  caps 7   1.15 games/s
games  2176  eps 0.089  loss 0.3859  samples  7772  replay 150000  len 397.1  caps 9   1.14 games/s
games  2240  eps 0.089  loss 0.3838  samples  8274  replay 150000  len 398.5  caps 7   1.14 games/s
games  2304  eps 0.089  loss 0.3762  samples  7870  replay 150000  len 378.8  caps 4   1.14 games/s
games  2368  eps 0.088  loss 0.3857  samples  8690  replay 150000  len 386.8  caps 4   1.14 games/s
games  2432  eps 0.088  loss 0.3701  samples  8286  replay 150000  len 370.0  caps 3   1.13 games/s
games  2496  eps 0.088  loss 0.3831  samples  8110  replay 150000  len 381.6  caps 5   1.12 games/s
games  2560  eps 0.088  loss 0.3810  samples  8005  replay 150000  len 374.0  caps 5   1.12 games/s
games  2624  eps 0.087  loss 0.3748  samples  6668  replay 150000  len 382.8  caps 10   1.12 games/s
games  2688  eps 0.087  loss 0.3884  samples  8013  replay 150000  len 375.5  caps 3   1.12 games/s
games  2752  eps 0.087  loss 0.3820  samples  8321  replay 150000  len 374.3  caps 2   1.12 games/s
games  2816  eps 0.086  loss 0.3797  samples  8169  replay 150000  len 396.7  caps 4   1.12 games/s
games  2880  eps 0.086  loss 0.3652  samples  8371  replay 150000  len 399.7  caps 3   1.12 games/s
games  2944  eps 0.086  loss 0.3635  samples  7221  replay 150000  len 375.8  caps 6   1.11 games/s
games  3008  eps 0.085  loss 0.3641  samples  7833  replay 150000  len 384.4  caps 6   1.11 games/s
games  3072  eps 0.085  loss 0.3749  samples  7689  replay 150000  len 392.8  caps 5   1.11 games/s
games  3136  eps 0.085  loss 0.3649  samples  7712  replay 150000  len 354.4  caps 2   1.11 games/s
games  3200  eps 0.084  loss 0.3561  samples  7975  replay 150000  len 366.5  caps 2   1.12 games/s
games  3264  eps 0.084  loss 0.3529  samples  7493  replay 150000  len 393.8  caps 7   1.12 games/s
games  3328  eps 0.084  loss 0.3549  samples  7915  replay 150000  len 411.3  caps 9   1.11 games/s
games  3392  eps 0.083  loss 0.3503  samples  7625  replay 150000  len 362.7  caps 5   1.12 games/s
games  3456  eps 0.083  loss 0.3521  samples  7968  replay 150000  len 382.0  caps 5   1.12 games/s
games  3520  eps 0.083  loss 0.3569  samples  8812  replay 150000  len 378.9  caps 3   1.12 games/s
games  3584  eps 0.082  loss 0.3586  samples  8527  replay 150000  len 392.7  caps 3   1.12 games/s
games  3648  eps 0.082  loss 0.3585  samples  8010  replay 150000  len 397.3  caps 6   1.11 games/s
games  3712  eps 0.082  loss 0.3483  samples  8576  replay 150000  len 374.8  caps 2   1.11 games/s
games  3776  eps 0.081  loss 0.3522  samples  8522  replay 150000  len 390.2  caps 5   1.11 games/s
games  3840  eps 0.081  loss 0.3440  samples  7664  replay 150000  len 412.9  caps 9   1.11 games/s
games  3904  eps 0.081  loss 0.3527  samples  7203  replay 150000  len 382.2  caps 7   1.11 games/s
games  3968  eps 0.080  loss 0.3644  samples  8459  replay 150000  len 389.8  caps 4   1.11 games/s
games  4000  eps 0.080  loss 0.3587  samples  4208  replay 150000  len 410.8  caps 3   1.11 games/s
ring: saved 150000 samples + momentum -> penta_ring.npz
done: 4000 games -> penta_net_latest.npz
