engine 0.5.0 protocol 2; features 825 (schema v2: 128 defs x 5 zones + 35 scalars + castability/race block); decks 8; td-lambda 1.00
search: SearchConfig(top_k=4, playouts=1, budget=120, playout_max_eval=8, playout_epsilon=0.1); prior-frac 0.50
league: handcrafted 0.15, frozen 0.25 across 1 snapshot(s) ['penta_net.ckpt-v3-72000.npz']
ring: resumed 150000 samples + momentum from penta_ring.npz
games    64  eps 0.100  loss 0.3722  samples  7720  replay 150000  len 376.2  caps 5   0.81 games/s
games   128  eps 0.100  loss 0.3592  samples  8643  replay 150000  len 407.0  caps 5   0.78 games/s
games   192  eps 0.099  loss 0.3628  samples  8739  replay 150000  len 389.2  caps 3   0.84 games/s
games   256  eps 0.099  loss 0.3533  samples  8219  replay 150000  len 415.9  caps 9   0.75 games/s
games   320  eps 0.099  loss 0.3523  samples  7932  replay 150000  len 404.6  caps 9   0.76 games/s
games   384  eps 0.098  loss 0.3550  samples  8199  replay 150000  len 388.2  caps 6   0.77 games/s
games   448  eps 0.098  loss 0.3618  samples  8700  replay 150000  len 401.3  caps 5   0.75 games/s
games   512  eps 0.098  loss 0.3594  samples  8528  replay 150000  len 398.4  caps 5   0.74 games/s
games   576  eps 0.097  loss 0.3685  samples  8580  replay 150000  len 381.8  caps 4   0.74 games/s
games   640  eps 0.097  loss 0.3748  samples  8522  replay 150000  len 395.3  caps 4   0.77 games/s
games   704  eps 0.097  loss 0.3736  samples  8331  replay 150000  len 376.6  caps 3   0.78 games/s
games   768  eps 0.096  loss 0.3713  samples  7810  replay 150000  len 406.8  caps 9   0.78 games/s
games   832  eps 0.096  loss 0.3761  samples  8253  replay 150000  len 378.0  caps 4   0.79 games/s
games   896  eps 0.096  loss 0.3849  samples  8876  replay 150000  len 418.6  caps 5   0.80 games/s
games   960  eps 0.096  loss 0.3912  samples  7985  replay 150000  len 390.3  caps 5   0.80 games/s
games  1024  eps 0.095  loss 0.3890  samples  8341  replay 150000  len 392.9  caps 5   0.81 games/s
games  1088  eps 0.095  loss 0.3864  samples  8425  replay 150000  len 386.4  caps 5   0.82 games/s
games  1152  eps 0.095  loss 0.3786  samples  8732  replay 150000  len 383.3  caps 1   0.83 games/s
games  1216  eps 0.094  loss 0.3756  samples  7993  replay 150000  len 373.4  caps 4   0.84 games/s
games  1280  eps 0.094  loss 0.3797  samples  7768  replay 150000  len 417.3  caps 9   0.85 games/s
games  1344  eps 0.094  loss 0.3878  samples  7391  replay 150000  len 393.4  caps 7   0.86 games/s
games  1408  eps 0.093  loss 0.3768  samples  8292  replay 150000  len 406.5  caps 5   0.86 games/s
games  1472  eps 0.093  loss 0.3721  samples  8453  replay 150000  len 388.0  caps 5   0.87 games/s
games  1536  eps 0.093  loss 0.3811  samples  8128  replay 150000  len 376.5  caps 3   0.88 games/s
games  1600  eps 0.092  loss 0.3732  samples  7697  replay 150000  len 397.2  caps 8   0.88 games/s
games  1664  eps 0.092  loss 0.3758  samples  7005  replay 150000  len 394.5  caps 9   0.89 games/s
games  1728  eps 0.092  loss 0.3652  samples  7949  replay 150000  len 392.3  caps 6   0.89 games/s
games  1792  eps 0.091  loss 0.3646  samples  8991  replay 150000  len 401.4  caps 3   0.89 games/s
games  1856  eps 0.091  loss 0.3507  samples  8537  replay 150000  len 387.2  caps 3   0.89 games/s
games  1920  eps 0.091  loss 0.3483  samples  8344  replay 150000  len 408.6  caps 6   0.89 games/s
games  1984  eps 0.090  loss 0.3530  samples  7996  replay 150000  len 401.5  caps 7   0.89 games/s
games  2048  eps 0.090  loss 0.3502  samples  7570  replay 150000  len 356.5  caps 4   0.90 games/s
games  2112  eps 0.090  loss 0.3520  samples  7956  replay 150000  len 378.0  caps 4   0.90 games/s
games  2176  eps 0.089  loss 0.3574  samples  7905  replay 150000  len 413.4  caps 10   0.90 games/s
games  2240  eps 0.089  loss 0.3586  samples  8383  replay 150000  len 402.0  caps 6   0.90 games/s
games  2304  eps 0.089  loss 0.3571  samples  6943  replay 150000  len 384.2  caps 10   0.90 games/s
games  2368  eps 0.088  loss 0.3677  samples  9278  replay 150000  len 397.7  caps 4   0.90 games/s
games  2432  eps 0.088  loss 0.3696  samples  8014  replay 150000  len 403.8  caps 8   0.90 games/s
games  2496  eps 0.088  loss 0.3644  samples  8012  replay 150000  len 375.0  caps 5   0.90 games/s
games  2560  eps 0.088  loss 0.3677  samples  7350  replay 150000  len 370.1  caps 7   0.91 games/s
games  2624  eps 0.087  loss 0.3720  samples  9301  replay 150000  len 407.3  caps 4   0.91 games/s
games  2688  eps 0.087  loss 0.3689  samples  7670  replay 150000  len 388.7  caps 7   0.90 games/s
games  2752  eps 0.087  loss 0.3619  samples  7987  replay 150000  len 409.7  caps 9   0.91 games/s
games  2816  eps 0.086  loss 0.3647  samples  7703  replay 150000  len 391.7  caps 8   0.91 games/s
games  2880  eps 0.086  loss 0.3662  samples  8628  replay 150000  len 414.3  caps 6   0.90 games/s
games  2944  eps 0.086  loss 0.3784  samples  6712  replay 150000  len 391.1  caps 12   0.90 games/s
games  3008  eps 0.085  loss 0.3808  samples  8476  replay 150000  len 399.4  caps 5   0.90 games/s
games  3072  eps 0.085  loss 0.3748  samples  8310  replay 150000  len 392.8  caps 5   0.90 games/s
games  3136  eps 0.085  loss 0.3734  samples  8382  replay 150000  len 377.3  caps 3   0.90 games/s
games  3200  eps 0.084  loss 0.3808  samples  8954  replay 150000  len 422.5  caps 6   0.90 games/s
games  3264  eps 0.084  loss 0.3842  samples  8315  replay 150000  len 417.1  caps 9   0.90 games/s
games  3328  eps 0.084  loss 0.3822  samples  7837  replay 150000  len 378.7  caps 5   0.90 games/s
games  3392  eps 0.083  loss 0.3825  samples  8758  replay 150000  len 392.5  caps 3   0.90 games/s
games  3456  eps 0.083  loss 0.3825  samples  7972  replay 150000  len 387.7  caps 5   0.90 games/s
games  3520  eps 0.083  loss 0.3727  samples  8591  replay 150000  len 409.1  caps 7   0.90 games/s
games  3584  eps 0.082  loss 0.3783  samples  8906  replay 150000  len 374.4  caps 1   0.91 games/s
games  3648  eps 0.082  loss 0.3883  samples  7841  replay 150000  len 370.2  caps 6   0.91 games/s
games  3712  eps 0.082  loss 0.4078  samples  8281  replay 150000  len 402.9  caps 6   0.91 games/s
games  3776  eps 0.081  loss 0.3862  samples  8482  replay 150000  len 391.2  caps 5   0.91 games/s
games  3840  eps 0.081  loss 0.3913  samples  8776  replay 150000  len 385.2  caps 1   0.91 games/s
games  3904  eps 0.081  loss 0.4030  samples  8939  replay 150000  len 393.5  caps 4   0.91 games/s
games  3968  eps 0.080  loss 0.3896  samples  9295  replay 150000  len 397.9  caps 3   0.91 games/s
games  4000  eps 0.080  loss 0.4030  samples  3760  replay 150000  len 370.1  caps 2   0.91 games/s
ring: saved 150000 samples + momentum -> penta_ring.npz
done: 4000 games -> penta_net_latest.npz
