engine 0.5.0 protocol 2; features 825 (schema v2: 128 defs x 5 zones + 35 scalars + castability/race block); decks 8; td-lambda 1.00
search: SearchConfig(top_k=4, playouts=1, budget=120, playout_max_eval=8, playout_epsilon=0.1); prior-frac 0.50
league: handcrafted 0.15, frozen 0.25 across 1 snapshot(s) ['penta_net.ckpt-v3-76000.npz']
ring: resumed 150000 samples + momentum from penta_ring.npz
games    64  eps 0.100  loss 0.3894  samples  8754  replay 150000  len 394.4  caps 3   1.13 games/s
games   128  eps 0.100  loss 0.3952  samples  7941  replay 150000  len 388.3  caps 6   1.08 games/s
games   192  eps 0.099  loss 0.4030  samples  8451  replay 150000  len 395.5  caps 4   0.94 games/s
games   256  eps 0.099  loss 0.3961  samples  7605  replay 150000  len 405.0  caps 10   0.97 games/s
games   320  eps 0.099  loss 0.3887  samples  8443  replay 150000  len 392.7  caps 4   0.99 games/s
games   384  eps 0.098  loss 0.3890  samples  8541  replay 150000  len 383.8  caps 4   1.01 games/s
games   448  eps 0.098  loss 0.3787  samples  8627  replay 150000  len 400.3  caps 6   1.02 games/s
games   512  eps 0.098  loss 0.3857  samples  7828  replay 150000  len 367.5  caps 5   1.04 games/s
games   576  eps 0.097  loss 0.3857  samples  8046  replay 150000  len 402.4  caps 7   1.03 games/s
games   640  eps 0.097  loss 0.3846  samples  7929  replay 150000  len 394.5  caps 9   1.03 games/s
games   704  eps 0.097  loss 0.3760  samples  8073  replay 150000  len 387.8  caps 4   1.05 games/s
games   768  eps 0.096  loss 0.3840  samples  7898  replay 150000  len 389.3  caps 5   1.04 games/s
games   832  eps 0.096  loss 0.3747  samples  8441  replay 150000  len 382.1  caps 2   1.04 games/s
games   896  eps 0.096  loss 0.3747  samples  8835  replay 150000  len 379.2  caps 1   1.05 games/s
games   960  eps 0.096  loss 0.3852  samples  7814  replay 150000  len 385.3  caps 4   1.06 games/s
games  1024  eps 0.095  loss 0.3774  samples  8460  replay 150000  len 373.3  caps 1   1.08 games/s
games  1088  eps 0.095  loss 0.3718  samples  7760  replay 150000  len 392.9  caps 7   1.06 games/s
games  1152  eps 0.095  loss 0.3751  samples  7997  replay 150000  len 379.7  caps 5   1.06 games/s
games  1216  eps 0.094  loss 0.3757  samples  7565  replay 150000  len 372.9  caps 4   1.07 games/s
games  1280  eps 0.094  loss 0.3719  samples  8191  replay 150000  len 399.6  caps 5   1.03 games/s
games  1344  eps 0.094  loss 0.3731  samples  8001  replay 150000  len 397.8  caps 5   1.00 games/s
games  1408  eps 0.093  loss 0.3734  samples  7407  replay 150000  len 413.0  caps 10   0.97 games/s
games  1472  eps 0.093  loss 0.3753  samples  7743  replay 150000  len 369.0  caps 4   0.95 games/s
games  1536  eps 0.093  loss 0.3814  samples  8656  replay 150000  len 424.3  caps 5   0.92 games/s
games  1600  eps 0.092  loss 0.3764  samples  7064  replay 150000  len 385.0  caps 9   0.91 games/s
games  1664  eps 0.092  loss 0.3856  samples  8562  replay 150000  len 388.9  caps 4   0.90 games/s
games  1728  eps 0.092  loss 0.3784  samples  7977  replay 150000  len 400.5  caps 8   0.88 games/s
games  1792  eps 0.091  loss 0.3716  samples  7235  replay 150000  len 370.5  caps 7   0.87 games/s
games  1856  eps 0.091  loss 0.3669  samples  7495  replay 150000  len 400.8  caps 7   0.87 games/s
games  1920  eps 0.091  loss 0.3731  samples  8788  replay 150000  len 415.2  caps 4   0.86 games/s
games  1984  eps 0.090  loss 0.3611  samples  8052  replay 150000  len 383.0  caps 3   0.86 games/s
games  2048  eps 0.090  loss 0.3693  samples  7335  replay 150000  len 387.3  caps 7   0.87 games/s
games  2112  eps 0.090  loss 0.3675  samples  8020  replay 150000  len 387.4  caps 5   0.86 games/s
games  2176  eps 0.089  loss 0.3673  samples  8387  replay 150000  len 387.2  caps 2   0.86 games/s
games  2240  eps 0.089  loss 0.3740  samples  7550  replay 150000  len 398.7  caps 9   0.84 games/s
games  2304  eps 0.089  loss 0.3579  samples  7919  replay 150000  len 391.5  caps 6   0.83 games/s
games  2368  eps 0.088  loss 0.3612  samples  8183  replay 150000  len 398.0  caps 5   0.82 games/s
games  2432  eps 0.088  loss 0.3685  samples  8229  replay 150000  len 382.9  caps 4   0.82 games/s
games  2496  eps 0.088  loss 0.3619  samples  8344  replay 150000  len 398.0  caps 5   0.82 games/s
games  2560  eps 0.088  loss 0.3492  samples  8283  replay 150000  len 382.8  caps 3   0.82 games/s
games  2624  eps 0.087  loss 0.3674  samples  7503  replay 150000  len 387.0  caps 8   0.81 games/s
games  2688  eps 0.087  loss 0.3639  samples  7232  replay 150000  len 394.6  caps 8   0.80 games/s
games  2752  eps 0.087  loss 0.3634  samples  8008  replay 150000  len 392.0  caps 6   0.80 games/s
games  2816  eps 0.086  loss 0.3685  samples  7980  replay 150000  len 423.2  caps 8   0.79 games/s
games  2880  eps 0.086  loss 0.3642  samples  8357  replay 150000  len 399.9  caps 5   0.79 games/s
games  2944  eps 0.086  loss 0.3648  samples  7343  replay 150000  len 398.8  caps 10   0.79 games/s
games  3008  eps 0.085  loss 0.3696  samples  8238  replay 150000  len 378.8  caps 3   0.80 games/s
games  3072  eps 0.085  loss 0.3729  samples  7943  replay 150000  len 390.0  caps 6   0.79 games/s
games  3136  eps 0.085  loss 0.3747  samples  8188  replay 150000  len 372.5  caps 3   0.80 games/s
games  3200  eps 0.084  loss 0.3680  samples  7649  replay 150000  len 385.1  caps 5   0.80 games/s
games  3264  eps 0.084  loss 0.3689  samples  7579  replay 150000  len 393.4  caps 6   0.80 games/s
games  3328  eps 0.084  loss 0.3620  samples  7340  replay 150000  len 417.9  caps 11   0.80 games/s
games  3392  eps 0.083  loss 0.3678  samples  7812  replay 150000  len 380.3  caps 5   0.80 games/s
games  3456  eps 0.083  loss 0.3717  samples  7526  replay 150000  len 388.0  caps 7   0.80 games/s
games  3520  eps 0.083  loss 0.3722  samples  8634  replay 150000  len 397.2  caps 3   0.80 games/s
games  3584  eps 0.082  loss 0.3712  samples  8554  replay 150000  len 419.2  caps 6   0.79 games/s
games  3648  eps 0.082  loss 0.3667  samples  8123  replay 150000  len 406.1  caps 8   0.79 games/s
games  3712  eps 0.082  loss 0.3718  samples  7619  replay 150000  len 438.8  caps 11   0.79 games/s
games  3776  eps 0.081  loss 0.3658  samples  8102  replay 150000  len 408.0  caps 7   0.79 games/s
games  3840  eps 0.081  loss 0.3622  samples  8054  replay 150000  len 374.7  caps 3   0.79 games/s
games  3904  eps 0.081  loss 0.3549  samples  8081  replay 150000  len 383.5  caps 6   0.79 games/s
games  3968  eps 0.080  loss 0.3556  samples  8640  replay 150000  len 380.1  caps 3   0.79 games/s
games  4000  eps 0.080  loss 0.3540  samples  4596  replay 150000  len 391.4  caps 1   0.79 games/s
ring: saved 150000 samples + momentum -> penta_ring.npz
done: 4000 games -> penta_net_latest.npz
