engine 0.5.0 protocol 2; features 675 (128 defs x 5 zones + 35 scalars); td-lambda 1.00
search: SearchConfig(top_k=4, playouts=1, budget=120, playout_max_eval=8, playout_epsilon=0.1); prior-frac 0.50
league: handcrafted 0.15, frozen 0.25 across 1 snapshot(s) ['penta_net.ckpt-search-3000.npz']
ring: resumed 150000 samples + momentum from penta_ring.npz
games    64  eps 0.100  loss 0.2884  samples  8151  replay 150000  len 441.1  caps 12   0.74 games/s
games   128  eps 0.099  loss 0.2756  samples  8371  replay 150000  len 428.1  caps 9   0.76 games/s
games   192  eps 0.099  loss 0.2897  samples  9111  replay 150000  len 403.6  caps 4   0.83 games/s
games   256  eps 0.098  loss 0.2760  samples  8215  replay 150000  len 446.2  caps 11   0.86 games/s
games   320  eps 0.097  loss 0.2979  samples  8166  replay 150000  len 449.1  caps 13   0.87 games/s
games   384  eps 0.097  loss 0.2668  samples  7390  replay 150000  len 409.1  caps 9   0.90 games/s
games   448  eps 0.096  loss 0.2849  samples  7402  replay 150000  len 423.4  caps 11   0.92 games/s
games   512  eps 0.096  loss 0.2941  samples  6830  replay 150000  len 435.8  caps 16   0.92 games/s
games   576  eps 0.095  loss 0.2975  samples  6909  replay 150000  len 432.6  caps 15   0.93 games/s
games   640  eps 0.094  loss 0.3077  samples  7777  replay 150000  len 453.0  caps 13   0.91 games/s
games   704  eps 0.094  loss 0.3030  samples  7762  replay 150000  len 446.5  caps 13   0.91 games/s
games   768  eps 0.093  loss 0.3109  samples  7469  replay 150000  len 457.4  caps 18   0.88 games/s
games   832  eps 0.092  loss 0.3143  samples  9279  replay 150000  len 442.0  caps 9   0.86 games/s
games   896  eps 0.092  loss 0.3004  samples  7148  replay 150000  len 402.4  caps 12   0.87 games/s
games   960  eps 0.091  loss 0.3160  samples  8398  replay 150000  len 427.6  caps 9   0.87 games/s
games  1024  eps 0.090  loss 0.3069  samples  9457  replay 150000  len 442.3  caps 9   0.87 games/s
games  1088  eps 0.090  loss 0.3120  samples  8587  replay 150000  len 433.4  caps 11   0.87 games/s
games  1152  eps 0.089  loss 0.3185  samples  8700  replay 150000  len 396.3  caps 8   0.86 games/s
games  1216  eps 0.088  loss 0.3187  samples  8297  replay 150000  len 427.0  caps 11   0.87 games/s
games  1280  eps 0.088  loss 0.3217  samples  8358  replay 150000  len 403.6  caps 6   0.87 games/s
games  1344  eps 0.087  loss 0.3297  samples  8414  replay 150000  len 418.2  caps 8   0.85 games/s
games  1408  eps 0.087  loss 0.3252  samples  8613  replay 150000  len 436.3  caps 9   0.85 games/s
games  1472  eps 0.086  loss 0.3226  samples  7547  replay 150000  len 419.1  caps 13   0.84 games/s
games  1536  eps 0.085  loss 0.3127  samples  8514  replay 150000  len 421.0  caps 10   0.84 games/s
games  1600  eps 0.085  loss 0.3202  samples  7572  replay 150000  len 412.1  caps 12   0.84 games/s
games  1664  eps 0.084  loss 0.3174  samples  7508  replay 150000  len 419.2  caps 13   0.85 games/s
games  1728  eps 0.083  loss 0.3233  samples  8622  replay 150000  len 419.5  caps 7   0.85 games/s
games  1792  eps 0.083  loss 0.3269  samples  8175  replay 150000  len 425.8  caps 9   0.85 games/s
games  1856  eps 0.082  loss 0.3337  samples  7078  replay 150000  len 397.0  caps 10   0.86 games/s
games  1920  eps 0.081  loss 0.3201  samples  8495  replay 150000  len 427.7  caps 8   0.86 games/s
games  1984  eps 0.081  loss 0.3141  samples  7753  replay 150000  len 421.2  caps 10   0.87 games/s
games  2000  eps 0.080  loss 0.3110  samples  1502  replay 150000  len 453.1  caps 5   0.87 games/s
ring: saved 150000 samples + momentum -> penta_ring.npz
done: 2000 games -> penta_net_latest.npz
