engine 0.5.0 protocol 2; features 825 (schema v2: 128 defs x 5 zones + 35 scalars + castability/race block); decks 8; td-lambda 1.00
search: SearchConfig(top_k=4, playouts=1, budget=120, playout_max_eval=8, playout_epsilon=0.1); prior-frac 0.50
league: handcrafted 0.15, frozen 0.25 across 1 snapshot(s) ['penta_net.ckpt-v3-12000.npz']
ring: resumed 150000 samples + momentum from penta_ring.npz
games    64  eps 0.100  loss 0.3584  samples  8565  replay 150000  len 395.4  caps 3   0.88 games/s
games   128  eps 0.100  loss 0.3614  samples  8184  replay 150000  len 381.1  caps 3   1.10 games/s
games   192  eps 0.099  loss 0.3511  samples  7693  replay 150000  len 359.9  caps 4   1.25 games/s
games   256  eps 0.099  loss 0.3619  samples  7349  replay 150000  len 388.4  caps 8   1.20 games/s
games   320  eps 0.099  loss 0.3542  samples  7231  replay 150000  len 395.1  caps 8   1.14 games/s
games   384  eps 0.098  loss 0.3564  samples  8100  replay 150000  len 394.3  caps 6   1.17 games/s
games   448  eps 0.098  loss 0.3629  samples  8672  replay 150000  len 388.4  caps 3   1.18 games/s
games   512  eps 0.098  loss 0.3623  samples  7694  replay 150000  len 372.2  caps 5   1.13 games/s
games   576  eps 0.097  loss 0.3677  samples  7832  replay 150000  len 390.1  caps 6   1.14 games/s
games   640  eps 0.097  loss 0.3575  samples  7234  replay 150000  len 414.3  caps 11   1.14 games/s
games   704  eps 0.097  loss 0.3608  samples  7989  replay 150000  len 366.7  caps 3   1.17 games/s
games   768  eps 0.096  loss 0.3680  samples  8207  replay 150000  len 399.1  caps 7   1.17 games/s
games   832  eps 0.096  loss 0.3703  samples  7327  replay 150000  len 381.2  caps 8   1.14 games/s
games   896  eps 0.096  loss 0.3627  samples  8222  replay 150000  len 402.2  caps 6   1.15 games/s
games   960  eps 0.096  loss 0.3629  samples  7155  replay 150000  len 384.0  caps 8   1.15 games/s
games  1024  eps 0.095  loss 0.3652  samples  8483  replay 150000  len 386.5  caps 4   1.14 games/s
games  1088  eps 0.095  loss 0.3688  samples  7570  replay 150000  len 390.4  caps 7   1.14 games/s
games  1152  eps 0.095  loss 0.3628  samples  8598  replay 150000  len 381.8  caps 2   1.13 games/s
games  1216  eps 0.094  loss 0.3791  samples  7303  replay 150000  len 382.5  caps 7   1.12 games/s
games  1280  eps 0.094  loss 0.3725  samples  7955  replay 150000  len 393.8  caps 5   1.12 games/s
games  1344  eps 0.094  loss 0.3816  samples  8485  replay 150000  len 390.2  caps 3   1.12 games/s
games  1408  eps 0.093  loss 0.3840  samples  7236  replay 150000  len 393.1  caps 8   1.13 games/s
games  1472  eps 0.093  loss 0.3986  samples  8059  replay 150000  len 374.4  caps 3   1.14 games/s
games  1536  eps 0.093  loss 0.3871  samples  8388  replay 150000  len 373.3  caps 2   1.14 games/s
games  1600  eps 0.092  loss 0.3984  samples  7921  replay 150000  len 375.4  caps 4   1.15 games/s
games  1664  eps 0.092  loss 0.3868  samples  7487  replay 150000  len 381.5  caps 5   1.15 games/s
games  1728  eps 0.092  loss 0.3925  samples  7071  replay 150000  len 355.7  caps 5   1.15 games/s
games  1792  eps 0.091  loss 0.3767  samples  8270  replay 150000  len 374.4  caps 2   1.16 games/s
games  1856  eps 0.091  loss 0.3802  samples  8135  replay 150000  len 365.2  caps 2   1.16 games/s
games  1920  eps 0.091  loss 0.3721  samples  8186  replay 150000  len 401.8  caps 6   1.16 games/s
games  1984  eps 0.090  loss 0.3785  samples  7121  replay 150000  len 383.8  caps 8   1.16 games/s
games  2048  eps 0.090  loss 0.3825  samples  7904  replay 150000  len 363.7  caps 2   1.16 games/s
games  2112  eps 0.090  loss 0.3793  samples  7211  replay 150000  len 375.2  caps 6   1.16 games/s
games  2176  eps 0.089  loss 0.3813  samples  7144  replay 150000  len 373.0  caps 7   1.17 games/s
games  2240  eps 0.089  loss 0.3834  samples  8066  replay 150000  len 373.3  caps 3   1.18 games/s
games  2304  eps 0.089  loss 0.3852  samples  7877  replay 150000  len 407.3  caps 7   1.17 games/s
games  2368  eps 0.088  loss 0.3562  samples  7457  replay 150000  len 421.5  caps 11   1.16 games/s
games  2432  eps 0.088  loss 0.3758  samples  7187  replay 150000  len 398.0  caps 9   1.16 games/s
games  2496  eps 0.088  loss 0.3845  samples  7087  replay 150000  len 377.1  caps 7   1.15 games/s
games  2560  eps 0.088  loss 0.3754  samples  8377  replay 150000  len 371.6  caps 2   1.15 games/s
games  2624  eps 0.087  loss 0.3670  samples  7969  replay 150000  len 389.3  caps 7   1.15 games/s
games  2688  eps 0.087  loss 0.3649  samples  8603  replay 150000  len 385.5  caps 3   1.14 games/s
games  2752  eps 0.087  loss 0.3775  samples  7373  replay 150000  len 389.8  caps 7   1.14 games/s
games  2816  eps 0.086  loss 0.3677  samples  7176  replay 150000  len 389.2  caps 10   1.14 games/s
games  2880  eps 0.086  loss 0.3635  samples  7285  replay 150000  len 382.1  caps 7   1.13 games/s
games  2944  eps 0.086  loss 0.3682  samples  8053  replay 150000  len 386.1  caps 4   1.13 games/s
games  3008  eps 0.085  loss 0.3619  samples  7811  replay 150000  len 381.6  caps 5   1.13 games/s
games  3072  eps 0.085  loss 0.3654  samples  7593  replay 150000  len 386.0  caps 7   1.13 games/s
games  3136  eps 0.085  loss 0.3644  samples  6741  replay 150000  len 364.8  caps 8   1.13 games/s
games  3200  eps 0.084  loss 0.3628  samples  7885  replay 150000  len 404.5  caps 8   1.14 games/s
games  3264  eps 0.084  loss 0.3650  samples  7669  replay 150000  len 373.6  caps 5   1.14 games/s
games  3328  eps 0.084  loss 0.3614  samples  8037  replay 150000  len 388.7  caps 5   1.14 games/s
games  3392  eps 0.083  loss 0.3618  samples  8535  replay 150000  len 384.4  caps 3   1.14 games/s
games  3456  eps 0.083  loss 0.3694  samples  7303  replay 150000  len 389.8  caps 7   1.14 games/s
games  3520  eps 0.083  loss 0.3594  samples  7454  replay 150000  len 391.8  caps 8   1.14 games/s
games  3584  eps 0.082  loss 0.3662  samples  7679  replay 150000  len 397.5  caps 7   1.14 games/s
games  3648  eps 0.082  loss 0.3627  samples  8054  replay 150000  len 381.8  caps 4   1.14 games/s
games  3712  eps 0.082  loss 0.3669  samples  7485  replay 150000  len 390.8  caps 6   1.13 games/s
games  3776  eps 0.081  loss 0.3719  samples  8030  replay 150000  len 383.8  caps 4   1.13 games/s
games  3840  eps 0.081  loss 0.3735  samples  8461  replay 150000  len 402.4  caps 4   1.13 games/s
games  3904  eps 0.081  loss 0.3742  samples  7095  replay 150000  len 372.3  caps 7   1.13 games/s
games  3968  eps 0.080  loss 0.3869  samples  8999  replay 150000  len 390.9  caps 4   1.13 games/s
games  4000  eps 0.080  loss 0.3845  samples  3831  replay 150000  len 383.9  caps 4   1.13 games/s
ring: saved 150000 samples + momentum -> penta_ring.npz
done: 4000 games -> penta_net_latest.npz
