engine 0.5.0 protocol 2; features 825 (schema v2: 128 defs x 5 zones + 35 scalars + castability/race block); decks 8; td-lambda 1.00
search: SearchConfig(top_k=4, playouts=1, budget=120, playout_max_eval=8, playout_epsilon=0.1); prior-frac 0.50
league: handcrafted 0.15, frozen 0.25 across 1 snapshot(s) ['penta_net.ckpt-v3-40000.npz']
ring: resumed 150000 samples + momentum from penta_ring.npz
games    64  eps 0.100  loss 0.3791  samples  7070  replay 150000  len 391.8  caps 9   1.62 games/s
games   128  eps 0.100  loss 0.3692  samples  7527  replay 150000  len 380.4  caps 6   1.50 games/s
games   192  eps 0.099  loss 0.3701  samples  7942  replay 150000  len 376.1  caps 3   1.47 games/s
games   256  eps 0.099  loss 0.3707  samples  8068  replay 150000  len 376.1  caps 4   1.38 games/s
games   320  eps 0.099  loss 0.3738  samples  8349  replay 150000  len 374.4  caps 4   1.33 games/s
games   384  eps 0.098  loss 0.3663  samples  7938  replay 150000  len 380.6  caps 4   1.32 games/s
games   448  eps 0.098  loss 0.3723  samples  7170  replay 150000  len 395.2  caps 10   1.26 games/s
games   512  eps 0.098  loss 0.3651  samples  7389  replay 150000  len 358.6  caps 4   1.26 games/s
games   576  eps 0.097  loss 0.3617  samples  7307  replay 150000  len 362.5  caps 5   1.29 games/s
games   640  eps 0.097  loss 0.3566  samples  7162  replay 150000  len 341.4  caps 4   1.31 games/s
games   704  eps 0.097  loss 0.3634  samples  7834  replay 150000  len 382.8  caps 5   1.28 games/s
games   768  eps 0.096  loss 0.3516  samples  7804  replay 150000  len 376.6  caps 5   1.29 games/s
games   832  eps 0.096  loss 0.3565  samples  7991  replay 150000  len 372.2  caps 3   1.31 games/s
games   896  eps 0.096  loss 0.3514  samples  7382  replay 150000  len 380.7  caps 8   1.32 games/s
games   960  eps 0.096  loss 0.3417  samples  7972  replay 150000  len 363.9  caps 3   1.31 games/s
games  1024  eps 0.095  loss 0.3483  samples  8199  replay 150000  len 397.3  caps 6   1.29 games/s
games  1088  eps 0.095  loss 0.3490  samples  8073  replay 150000  len 379.5  caps 4   1.28 games/s
games  1152  eps 0.095  loss 0.3469  samples  7688  replay 150000  len 370.5  caps 6   1.26 games/s
games  1216  eps 0.094  loss 0.3499  samples  8240  replay 150000  len 372.3  caps 3   1.25 games/s
games  1280  eps 0.094  loss 0.3431  samples  7365  replay 150000  len 381.5  caps 6   1.25 games/s
games  1344  eps 0.094  loss 0.3341  samples  8146  replay 150000  len 371.5  caps 3   1.24 games/s
games  1408  eps 0.093  loss 0.3350  samples  8632  replay 150000  len 374.0  caps 2   1.22 games/s
games  1472  eps 0.093  loss 0.3415  samples  7900  replay 150000  len 370.5  caps 4   1.21 games/s
games  1536  eps 0.093  loss 0.3371  samples  7855  replay 150000  len 358.3  caps 2   1.21 games/s
games  1600  eps 0.092  loss 0.3318  samples  7880  replay 150000  len 368.3  caps 3   1.19 games/s
games  1664  eps 0.092  loss 0.3284  samples  8056  replay 150000  len 366.7  caps 4   1.19 games/s
games  1728  eps 0.092  loss 0.3490  samples  8662  replay 150000  len 365.8  caps 2   1.19 games/s
games  1792  eps 0.091  loss 0.3533  samples  8945  replay 150000  len 377.9  caps 2   1.17 games/s
games  1856  eps 0.091  loss 0.3551  samples  7772  replay 150000  len 379.1  caps 6   1.17 games/s
games  1920  eps 0.091  loss 0.3503  samples  7656  replay 150000  len 368.2  caps 5   1.18 games/s
games  1984  eps 0.090  loss 0.3519  samples  7658  replay 150000  len 389.7  caps 7   1.18 games/s
games  2048  eps 0.090  loss 0.3516  samples  8243  replay 150000  len 381.7  caps 4   1.17 games/s
games  2112  eps 0.090  loss 0.3629  samples  8023  replay 150000  len 405.2  caps 8   1.17 games/s
games  2176  eps 0.089  loss 0.3682  samples  8266  replay 150000  len 366.9  caps 3   1.17 games/s
games  2240  eps 0.089  loss 0.3684  samples  8407  replay 150000  len 361.0  caps 1   1.18 games/s
games  2304  eps 0.089  loss 0.3749  samples  8634  replay 150000  len 379.4  caps 4   1.18 games/s
games  2368  eps 0.088  loss 0.3714  samples  8021  replay 150000  len 372.1  caps 5   1.18 games/s
games  2432  eps 0.088  loss 0.3773  samples  8394  replay 150000  len 397.4  caps 6   1.17 games/s
games  2496  eps 0.088  loss 0.3870  samples  8622  replay 150000  len 380.6  caps 3   1.17 games/s
games  2560  eps 0.088  loss 0.3945  samples  8858  replay 150000  len 385.6  caps 3   1.17 games/s
games  2624  eps 0.087  loss 0.3935  samples  8386  replay 150000  len 377.7  caps 5   1.16 games/s
games  2688  eps 0.087  loss 0.3957  samples  9037  replay 150000  len 380.7  caps 2   1.16 games/s
games  2752  eps 0.087  loss 0.4008  samples  8538  replay 150000  len 376.1  caps 3   1.16 games/s
games  2816  eps 0.086  loss 0.3900  samples  9158  replay 150000  len 383.5  caps 1   1.15 games/s
games  2880  eps 0.086  loss 0.3865  samples  7969  replay 150000  len 384.4  caps 5   1.16 games/s
games  2944  eps 0.086  loss 0.3809  samples  8950  replay 150000  len 396.2  caps 4   1.16 games/s
games  3008  eps 0.085  loss 0.3845  samples  7649  replay 150000  len 379.2  caps 7   1.15 games/s
games  3072  eps 0.085  loss 0.3830  samples  8547  replay 150000  len 387.8  caps 5   1.15 games/s
games  3136  eps 0.085  loss 0.3862  samples  8983  replay 150000  len 388.0  caps 3   1.15 games/s
games  3200  eps 0.084  loss 0.3815  samples  8303  replay 150000  len 378.4  caps 6   1.14 games/s
games  3264  eps 0.084  loss 0.3900  samples  8083  replay 150000  len 402.7  caps 8   1.14 games/s
games  3328  eps 0.084  loss 0.3783  samples  9018  replay 150000  len 404.7  caps 4   1.13 games/s
games  3392  eps 0.083  loss 0.3700  samples  7502  replay 150000  len 356.3  caps 4   1.13 games/s
games  3456  eps 0.083  loss 0.3883  samples  8051  replay 150000  len 398.7  caps 6   1.13 games/s
games  3520  eps 0.083  loss 0.3814  samples  8828  replay 150000  len 375.4  caps 2   1.13 games/s
games  3584  eps 0.082  loss 0.3740  samples  6014  replay 150000  len 405.6  caps 15   1.12 games/s
games  3648  eps 0.082  loss 0.3666  samples  6982  replay 150000  len 379.8  caps 9   1.12 games/s
games  3712  eps 0.082  loss 0.3762  samples  9064  replay 150000  len 389.0  caps 3   1.11 games/s
games  3776  eps 0.081  loss 0.3719  samples  8408  replay 150000  len 386.0  caps 4   1.11 games/s
games  3840  eps 0.081  loss 0.3682  samples  7897  replay 150000  len 375.7  caps 4   1.10 games/s
games  3904  eps 0.081  loss 0.3671  samples  8113  replay 150000  len 379.9  caps 4   1.11 games/s
games  3968  eps 0.080  loss 0.3577  samples  7690  replay 150000  len 364.1  caps 6   1.11 games/s
games  4000  eps 0.080  loss 0.3715  samples  3390  replay 150000  len 392.9  caps 5   1.11 games/s
ring: saved 150000 samples + momentum -> penta_ring.npz
done: 4000 games -> penta_net_latest.npz
