engine 0.5.0 protocol 2; features 825 (schema v2: 128 defs x 5 zones + 35 scalars + castability/race block); decks 8; td-lambda 1.00
search: SearchConfig(top_k=4, playouts=1, budget=120, playout_max_eval=8, playout_epsilon=0.1); prior-frac 0.50
league: handcrafted 0.15, frozen 0.25 across 1 snapshot(s) ['penta_net.ckpt-v3-44000.npz']
ring: resumed 150000 samples + momentum from penta_ring.npz
games    64  eps 0.100  loss 0.3725  samples  8172  replay 150000  len 376.8  caps 5   0.90 games/s
games   128  eps 0.100  loss 0.3535  samples  7963  replay 150000  len 374.4  caps 5   0.99 games/s
games   192  eps 0.099  loss 0.3573  samples  7942  replay 150000  len 364.8  caps 4   1.04 games/s
games   256  eps 0.099  loss 0.3595  samples  7415  replay 150000  len 370.5  caps 8   0.98 games/s
games   320  eps 0.099  loss 0.3475  samples  7547  replay 150000  len 373.3  caps 5   1.03 games/s
games   384  eps 0.098  loss 0.3500  samples  7971  replay 150000  len 395.1  caps 7   1.03 games/s
games   448  eps 0.098  loss 0.3568  samples  7855  replay 150000  len 353.1  caps 2   1.06 games/s
games   512  eps 0.098  loss 0.3412  samples  7931  replay 150000  len 350.6  caps 2   1.07 games/s
games   576  eps 0.097  loss 0.3522  samples  8422  replay 150000  len 385.6  caps 3   1.07 games/s
games   640  eps 0.097  loss 0.3437  samples  8174  replay 150000  len 384.7  caps 3   1.09 games/s
games   704  eps 0.097  loss 0.3436  samples  8338  replay 150000  len 376.7  caps 4   1.08 games/s
games   768  eps 0.096  loss 0.3431  samples  7526  replay 150000  len 367.8  caps 5   1.08 games/s
games   832  eps 0.096  loss 0.3577  samples  7335  replay 150000  len 410.0  caps 11   1.08 games/s
games   896  eps 0.096  loss 0.3582  samples  7739  replay 150000  len 373.0  caps 4   1.09 games/s
games   960  eps 0.096  loss 0.3462  samples  8301  replay 150000  len 366.5  caps 3   1.06 games/s
games  1024  eps 0.095  loss 0.3439  samples  9225  replay 150000  len 394.6  caps 1   1.07 games/s
games  1088  eps 0.095  loss 0.3435  samples  8638  replay 150000  len 386.9  caps 4   1.08 games/s
games  1152  eps 0.095  loss 0.3445  samples  7664  replay 150000  len 381.2  caps 5   1.07 games/s
games  1216  eps 0.094  loss 0.3398  samples  7862  replay 150000  len 379.5  caps 6   1.06 games/s
games  1280  eps 0.094  loss 0.3447  samples  7805  replay 150000  len 388.6  caps 6   1.07 games/s
games  1344  eps 0.094  loss 0.3559  samples  7779  replay 150000  len 380.8  caps 6   1.07 games/s
games  1408  eps 0.093  loss 0.3536  samples  7943  replay 150000  len 388.3  caps 5   1.07 games/s
games  1472  eps 0.093  loss 0.3684  samples  8317  replay 150000  len 406.5  caps 6   1.05 games/s
games  1536  eps 0.093  loss 0.3610  samples  8127  replay 150000  len 385.5  caps 4   1.06 games/s
games  1600  eps 0.092  loss 0.3670  samples  8764  replay 150000  len 391.1  caps 4   1.06 games/s
games  1664  eps 0.092  loss 0.3617  samples  7639  replay 150000  len 384.0  caps 6   1.07 games/s
games  1728  eps 0.092  loss 0.3633  samples  7930  replay 150000  len 394.5  caps 6   1.07 games/s
games  1792  eps 0.091  loss 0.3749  samples  8157  replay 150000  len 381.1  caps 5   1.06 games/s
games  1856  eps 0.091  loss 0.3746  samples  7757  replay 150000  len 380.5  caps 6   1.06 games/s
games  1920  eps 0.091  loss 0.3614  samples  7957  replay 150000  len 374.4  caps 4   1.06 games/s
games  1984  eps 0.090  loss 0.3730  samples  8328  replay 150000  len 389.2  caps 5   1.06 games/s
games  2048  eps 0.090  loss 0.3770  samples  8215  replay 150000  len 378.1  caps 5   1.06 games/s
games  2112  eps 0.090  loss 0.3764  samples  7689  replay 150000  len 380.3  caps 5   1.06 games/s
games  2176  eps 0.089  loss 0.3751  samples  8371  replay 150000  len 356.3  caps 2   1.07 games/s
games  2240  eps 0.089  loss 0.3634  samples  8111  replay 150000  len 377.2  caps 4   1.06 games/s
games  2304  eps 0.089  loss 0.3686  samples  8627  replay 150000  len 383.1  caps 4   1.06 games/s
games  2368  eps 0.088  loss 0.3732  samples  8327  replay 150000  len 368.0  caps 4   1.05 games/s
games  2432  eps 0.088  loss 0.3619  samples  7353  replay 150000  len 389.8  caps 9   1.05 games/s
games  2496  eps 0.088  loss 0.3605  samples  8180  replay 150000  len 376.3  caps 3   1.05 games/s
games  2560  eps 0.088  loss 0.3745  samples  7349  replay 150000  len 370.8  caps 5   1.05 games/s
games  2624  eps 0.087  loss 0.3480  samples  8273  replay 150000  len 377.5  caps 5   1.05 games/s
games  2688  eps 0.087  loss 0.3728  samples  8539  replay 150000  len 398.3  caps 7   1.04 games/s
games  2752  eps 0.087  loss 0.3678  samples  7738  replay 150000  len 392.6  caps 8   1.04 games/s
games  2816  eps 0.086  loss 0.3560  samples  7458  replay 150000  len 398.1  caps 9   1.04 games/s
games  2880  eps 0.086  loss 0.3820  samples  8254  replay 150000  len 387.2  caps 5   1.03 games/s
games  2944  eps 0.086  loss 0.3669  samples  8401  replay 150000  len 345.0  caps 1   1.02 games/s
games  3008  eps 0.085  loss 0.3632  samples  7241  replay 150000  len 369.3  caps 6   1.02 games/s
games  3072  eps 0.085  loss 0.3769  samples  8083  replay 150000  len 378.3  caps 5   1.02 games/s
games  3136  eps 0.085  loss 0.3740  samples  7814  replay 150000  len 387.9  caps 5   1.02 games/s
games  3200  eps 0.084  loss 0.3835  samples  7900  replay 150000  len 368.1  caps 5   1.02 games/s
games  3264  eps 0.084  loss 0.3738  samples  8415  replay 150000  len 388.6  caps 4   1.02 games/s
games  3328  eps 0.084  loss 0.3788  samples  7669  replay 150000  len 374.3  caps 7   1.02 games/s
games  3392  eps 0.083  loss 0.3771  samples  8247  replay 150000  len 380.8  caps 4   1.02 games/s
games  3456  eps 0.083  loss 0.3761  samples  8122  replay 150000  len 396.5  caps 7   1.03 games/s
games  3520  eps 0.083  loss 0.3952  samples  9303  replay 150000  len 393.9  caps 2   1.02 games/s
games  3584  eps 0.082  loss 0.3872  samples  8269  replay 150000  len 419.4  caps 9   1.02 games/s
games  3648  eps 0.082  loss 0.3893  samples  8343  replay 150000  len 341.9  caps 1   1.01 games/s
games  3712  eps 0.082  loss 0.3877  samples  8029  replay 150000  len 375.8  caps 5   1.02 games/s
games  3776  eps 0.081  loss 0.3942  samples  8167  replay 150000  len 384.1  caps 5   1.02 games/s
games  3840  eps 0.081  loss 0.3986  samples  8339  replay 150000  len 394.6  caps 4   1.02 games/s
games  3904  eps 0.081  loss 0.3858  samples  8863  replay 150000  len 385.9  caps 2   1.02 games/s
games  3968  eps 0.080  loss 0.3852  samples  8197  replay 150000  len 378.4  caps 6   1.02 games/s
games  4000  eps 0.080  loss 0.3828  samples  4769  replay 150000  len 403.8  caps 1   1.02 games/s
ring: saved 150000 samples + momentum -> penta_ring.npz
done: 4000 games -> penta_net_latest.npz
