engine 0.5.0 protocol 2; features 825 (schema v2: 128 defs x 5 zones + 35 scalars + castability/race block); decks 8; td-lambda 1.00
search: SearchConfig(top_k=4, playouts=1, budget=120, playout_max_eval=8, playout_epsilon=0.1); prior-frac 0.50
league: handcrafted 0.15, frozen 0.25 across 1 snapshot(s) ['penta_net.ckpt-v3-64000.npz']
ring: resumed 150000 samples + momentum from penta_ring.npz
games    64  eps 0.100  loss 0.3749  samples  8098  replay 150000  len 409.5  caps 8   0.72 games/s
games   128  eps 0.100  loss 0.3734  samples  8594  replay 150000  len 413.9  caps 6   0.74 games/s
games   192  eps 0.099  loss 0.3812  samples  8000  replay 150000  len 413.4  caps 8   0.74 games/s
games   256  eps 0.099  loss 0.3775  samples  8941  replay 150000  len 402.3  caps 3   0.76 games/s
games   320  eps 0.099  loss 0.3753  samples  9033  replay 150000  len 384.0  caps 3   0.76 games/s
games   384  eps 0.098  loss 0.3763  samples  8304  replay 150000  len 393.5  caps 7   0.75 games/s
games   448  eps 0.098  loss 0.3779  samples  8042  replay 150000  len 395.2  caps 8   0.75 games/s
games   512  eps 0.098  loss 0.3584  samples  8127  replay 150000  len 360.0  caps 4   0.76 games/s
games   576  eps 0.097  loss 0.3681  samples  7972  replay 150000  len 405.6  caps 7   0.76 games/s
games   640  eps 0.097  loss 0.3752  samples  8478  replay 150000  len 387.5  caps 4   0.77 games/s
games   704  eps 0.097  loss 0.3704  samples  8688  replay 150000  len 390.7  caps 4   0.78 games/s
games   768  eps 0.096  loss 0.3811  samples  8490  replay 150000  len 375.9  caps 4   0.79 games/s
games   832  eps 0.096  loss 0.3693  samples  8999  replay 150000  len 379.9  caps 2   0.82 games/s
games   896  eps 0.096  loss 0.3741  samples  8496  replay 150000  len 396.8  caps 5   0.84 games/s
games   960  eps 0.096  loss 0.3757  samples  8936  replay 150000  len 422.9  caps 7   0.84 games/s
games  1024  eps 0.095  loss 0.3680  samples  8488  replay 150000  len 399.3  caps 7   0.85 games/s
games  1088  eps 0.095  loss 0.3742  samples  8026  replay 150000  len 424.2  caps 9   0.86 games/s
games  1152  eps 0.095  loss 0.3717  samples  8191  replay 150000  len 410.7  caps 8   0.86 games/s
games  1216  eps 0.094  loss 0.3746  samples  8538  replay 150000  len 410.3  caps 7   0.87 games/s
games  1280  eps 0.094  loss 0.3871  samples  7481  replay 150000  len 406.3  caps 11   0.87 games/s
games  1344  eps 0.094  loss 0.3713  samples  7772  replay 150000  len 379.8  caps 6   0.89 games/s
games  1408  eps 0.093  loss 0.3791  samples  8567  replay 150000  len 390.5  caps 5   0.90 games/s
games  1472  eps 0.093  loss 0.3642  samples  7888  replay 150000  len 373.2  caps 3   0.91 games/s
games  1536  eps 0.093  loss 0.3717  samples  8566  replay 150000  len 408.5  caps 6   0.91 games/s
games  1600  eps 0.092  loss 0.3738  samples  7926  replay 150000  len 382.5  caps 5   0.92 games/s
games  1664  eps 0.092  loss 0.3694  samples  8237  replay 150000  len 403.6  caps 6   0.93 games/s
games  1728  eps 0.092  loss 0.3785  samples  8866  replay 150000  len 382.2  caps 2   0.93 games/s
games  1792  eps 0.091  loss 0.3820  samples  8078  replay 150000  len 365.3  caps 3   0.94 games/s
games  1856  eps 0.091  loss 0.3738  samples  7085  replay 150000  len 396.3  caps 8   0.94 games/s
games  1920  eps 0.091  loss 0.3688  samples  7986  replay 150000  len 377.3  caps 5   0.95 games/s
games  1984  eps 0.090  loss 0.3638  samples  8143  replay 150000  len 415.6  caps 7   0.95 games/s
games  2048  eps 0.090  loss 0.3694  samples  8903  replay 150000  len 391.7  caps 3   0.96 games/s
games  2112  eps 0.090  loss 0.3791  samples  7761  replay 150000  len 388.0  caps 8   0.97 games/s
games  2176  eps 0.089  loss 0.3799  samples  8547  replay 150000  len 391.4  caps 4   0.97 games/s
games  2240  eps 0.089  loss 0.3764  samples  8713  replay 150000  len 390.9  caps 2   0.97 games/s
games  2304  eps 0.089  loss 0.3803  samples  8453  replay 150000  len 400.0  caps 6   0.97 games/s
games  2368  eps 0.088  loss 0.3784  samples  7628  replay 150000  len 384.8  caps 7   0.97 games/s
games  2432  eps 0.088  loss 0.3638  samples  8057  replay 150000  len 398.7  caps 6   0.98 games/s
games  2496  eps 0.088  loss 0.3759  samples  7850  replay 150000  len 400.8  caps 7   0.98 games/s
games  2560  eps 0.088  loss 0.3773  samples  8830  replay 150000  len 396.6  caps 4   0.99 games/s
games  2624  eps 0.087  loss 0.3808  samples  8479  replay 150000  len 373.5  caps 4   0.99 games/s
games  2688  eps 0.087  loss 0.3752  samples  8446  replay 150000  len 372.4  caps 2   0.99 games/s
games  2752  eps 0.087  loss 0.3676  samples  7701  replay 150000  len 384.2  caps 7   0.99 games/s
games  2816  eps 0.086  loss 0.3724  samples  7502  replay 150000  len 375.8  caps 7   1.00 games/s
games  2880  eps 0.086  loss 0.3612  samples  7979  replay 150000  len 395.3  caps 6   1.01 games/s
games  2944  eps 0.086  loss 0.3674  samples  8133  replay 150000  len 361.3  caps 2   1.01 games/s
games  3008  eps 0.085  loss 0.3754  samples  7884  replay 150000  len 414.0  caps 8   1.02 games/s
games  3072  eps 0.085  loss 0.3740  samples  7534  replay 150000  len 401.1  caps 9   1.02 games/s
games  3136  eps 0.085  loss 0.3756  samples  8431  replay 150000  len 381.2  caps 4   1.02 games/s
games  3200  eps 0.084  loss 0.3780  samples  7400  replay 150000  len 430.0  caps 11   1.02 games/s
games  3264  eps 0.084  loss 0.3795  samples  8248  replay 150000  len 425.6  caps 8   1.02 games/s
games  3328  eps 0.084  loss 0.3804  samples  7898  replay 150000  len 405.6  caps 8   1.02 games/s
games  3392  eps 0.083  loss 0.3835  samples  8503  replay 150000  len 399.6  caps 5   1.02 games/s
games  3456  eps 0.083  loss 0.3794  samples  7913  replay 150000  len 375.0  caps 5   1.03 games/s
games  3520  eps 0.083  loss 0.3800  samples  8085  replay 150000  len 393.8  caps 7   1.03 games/s
games  3584  eps 0.082  loss 0.3720  samples  7744  replay 150000  len 376.7  caps 7   1.03 games/s
games  3648  eps 0.082  loss 0.3851  samples  8206  replay 150000  len 399.5  caps 6   1.03 games/s
games  3712  eps 0.082  loss 0.3769  samples  8089  replay 150000  len 358.4  caps 3   1.03 games/s
games  3776  eps 0.081  loss 0.3702  samples  8063  replay 150000  len 354.8  caps 2   1.03 games/s
games  3840  eps 0.081  loss 0.3639  samples  7558  replay 150000  len 399.2  caps 9   1.04 games/s
games  3904  eps 0.081  loss 0.3713  samples  7322  replay 150000  len 386.8  caps 8   1.04 games/s
games  3968  eps 0.080  loss 0.3738  samples  8175  replay 150000  len 375.0  caps 4   1.04 games/s
games  4000  eps 0.080  loss 0.3797  samples  3737  replay 150000  len 389.6  caps 4   1.03 games/s
ring: saved 150000 samples + momentum -> penta_ring.npz
done: 4000 games -> penta_net_latest.npz
