engine 0.5.0 protocol 2; features 675 (128 defs x 5 zones + 35 scalars); td-lambda 1.00
search: SearchConfig(top_k=4, playouts=1, budget=120, playout_max_eval=8, playout_epsilon=0.1); prior-frac 0.50
league: handcrafted 0.15, frozen 0.25 across 1 snapshot(s) ['penta_net.ckpt-search-5000.npz']
ring: resumed 150000 samples + momentum from penta_ring.npz
games    64  eps 0.100  loss 0.3131  samples  7337  replay 150000  len 405.6  caps 9   1.17 games/s
games   128  eps 0.099  loss 0.3103  samples  7653  replay 150000  len 456.2  caps 14   1.20 games/s
games   192  eps 0.099  loss 0.3139  samples  7424  replay 150000  len 428.8  caps 12   1.14 games/s
games   256  eps 0.098  loss 0.3092  samples  7540  replay 150000  len 391.2  caps 9   1.17 games/s
games   320  eps 0.097  loss 0.3089  samples  6648  replay 150000  len 413.6  caps 12   1.16 games/s
games   384  eps 0.097  loss 0.2952  samples  6437  replay 150000  len 459.1  caps 21   1.15 games/s
games   448  eps 0.096  loss 0.2968  samples  7572  replay 150000  len 412.7  caps 9   1.19 games/s
games   512  eps 0.096  loss 0.2969  samples  7612  replay 150000  len 418.3  caps 10   1.17 games/s
games   576  eps 0.095  loss 0.2952  samples  7384  replay 150000  len 430.4  caps 12   1.11 games/s
games   640  eps 0.094  loss 0.2911  samples  7531  replay 150000  len 416.9  caps 10   1.11 games/s
games   704  eps 0.094  loss 0.2874  samples  7817  replay 150000  len 442.1  caps 10   1.11 games/s
games   768  eps 0.093  loss 0.2833  samples  7605  replay 150000  len 438.5  caps 10   1.13 games/s
games   832  eps 0.092  loss 0.2870  samples  7738  replay 150000  len 408.5  caps 9   1.13 games/s
games   896  eps 0.092  loss 0.2820  samples  8105  replay 150000  len 416.0  caps 7   1.14 games/s
games   960  eps 0.091  loss 0.2814  samples  7960  replay 150000  len 421.2  caps 9   1.13 games/s
games  1024  eps 0.090  loss 0.2805  samples  7731  replay 150000  len 433.3  caps 11   1.12 games/s
games  1088  eps 0.090  loss 0.2657  samples  7182  replay 150000  len 411.3  caps 10   1.14 games/s
games  1152  eps 0.089  loss 0.2714  samples  7672  replay 150000  len 396.2  caps 7   1.14 games/s
games  1216  eps 0.088  loss 0.2807  samples  8632  replay 150000  len 412.2  caps 5   1.13 games/s
games  1280  eps 0.088  loss 0.2689  samples  7891  replay 150000  len 402.7  caps 8   1.13 games/s
games  1344  eps 0.087  loss 0.2731  samples  6643  replay 150000  len 450.6  caps 18   1.11 games/s
games  1408  eps 0.087  loss 0.2794  samples  7971  replay 150000  len 373.2  caps 4   1.12 games/s
games  1472  eps 0.086  loss 0.2766  samples  8271  replay 150000  len 417.2  caps 10   1.12 games/s
games  1536  eps 0.085  loss 0.2717  samples  8018  replay 150000  len 427.4  caps 8   1.13 games/s
games  1600  eps 0.085  loss 0.2905  samples  8110  replay 150000  len 411.8  caps 9   1.12 games/s
games  1664  eps 0.084  loss 0.2937  samples  8017  replay 150000  len 426.8  caps 8   1.13 games/s
games  1728  eps 0.083  loss 0.2924  samples  8309  replay 150000  len 418.2  caps 7   1.13 games/s
games  1792  eps 0.083  loss 0.2913  samples  6827  replay 150000  len 449.7  caps 17   1.13 games/s
games  1856  eps 0.082  loss 0.3011  samples  8269  replay 150000  len 454.7  caps 10   1.13 games/s
games  1920  eps 0.081  loss 0.3005  samples  6488  replay 150000  len 414.5  caps 14   1.13 games/s
games  1984  eps 0.081  loss 0.3001  samples  6486  replay 150000  len 443.2  caps 19   1.14 games/s
games  2000  eps 0.080  loss 0.2931  samples  1979  replay 150000  len 425.5  caps 3   1.13 games/s
ring: saved 150000 samples + momentum -> penta_ring.npz
done: 2000 games -> penta_net_latest.npz
