engine 0.5.0 protocol 2; features 825 (schema v2: 128 defs x 5 zones + 35 scalars + castability/race block); decks 8; td-lambda 1.00
search: SearchConfig(top_k=4, playouts=1, budget=120, playout_max_eval=8, playout_epsilon=0.1); prior-frac 0.50
league: handcrafted 0.15, frozen 0.25 across 1 snapshot(s) ['penta_net.ckpt-v3-32000.npz']
ring: resumed 150000 samples + momentum from penta_ring.npz
games    64  eps 0.100  loss 0.3717  samples  7924  replay 150000  len 382.9  caps 4   1.32 games/s
games   128  eps 0.100  loss 0.3779  samples  7314  replay 150000  len 398.5  caps 9   1.27 games/s
games   192  eps 0.099  loss 0.3779  samples  8520  replay 150000  len 379.5  caps 2   1.15 games/s
games   256  eps 0.099  loss 0.3641  samples  7501  replay 150000  len 375.4  caps 6   1.19 games/s
games   320  eps 0.099  loss 0.3603  samples  6714  replay 150000  len 389.2  caps 9   1.17 games/s
games   384  eps 0.098  loss 0.3627  samples  8678  replay 150000  len 401.5  caps 5   1.16 games/s
games   448  eps 0.098  loss 0.3684  samples  8381  replay 150000  len 393.4  caps 5   1.18 games/s
games   512  eps 0.098  loss 0.3838  samples  8235  replay 150000  len 405.2  caps 6   1.20 games/s
games   576  eps 0.097  loss 0.3798  samples  7790  replay 150000  len 370.9  caps 4   1.24 games/s
games   640  eps 0.097  loss 0.3643  samples  7525  replay 150000  len 408.2  caps 8   1.23 games/s
games   704  eps 0.097  loss 0.3674  samples  7661  replay 150000  len 392.5  caps 6   1.23 games/s
games   768  eps 0.096  loss 0.3749  samples  8605  replay 150000  len 395.5  caps 3   1.23 games/s
games   832  eps 0.096  loss 0.3801  samples  8295  replay 150000  len 371.8  caps 3   1.22 games/s
games   896  eps 0.096  loss 0.3697  samples  7961  replay 150000  len 385.4  caps 4   1.23 games/s
games   960  eps 0.096  loss 0.3635  samples  7851  replay 150000  len 380.8  caps 2   1.26 games/s
games  1024  eps 0.095  loss 0.3610  samples  8260  replay 150000  len 390.6  caps 5   1.27 games/s
games  1088  eps 0.095  loss 0.3641  samples  8654  replay 150000  len 393.9  caps 2   1.28 games/s
games  1152  eps 0.095  loss 0.3734  samples  7762  replay 150000  len 369.8  caps 4   1.29 games/s
games  1216  eps 0.094  loss 0.3779  samples  8306  replay 150000  len 387.2  caps 5   1.29 games/s
games  1280  eps 0.094  loss 0.3667  samples  7367  replay 150000  len 377.2  caps 7   1.29 games/s
games  1344  eps 0.094  loss 0.3623  samples  8346  replay 150000  len 388.3  caps 4   1.30 games/s
games  1408  eps 0.093  loss 0.3686  samples  7880  replay 150000  len 390.5  caps 6   1.29 games/s
games  1472  eps 0.093  loss 0.3649  samples  7732  replay 150000  len 403.8  caps 9   1.29 games/s
games  1536  eps 0.093  loss 0.3606  samples  7535  replay 150000  len 383.7  caps 6   1.29 games/s
games  1600  eps 0.092  loss 0.3520  samples  7121  replay 150000  len 376.1  caps 6   1.28 games/s
games  1664  eps 0.092  loss 0.3582  samples  8267  replay 150000  len 387.7  caps 5   1.28 games/s
games  1728  eps 0.092  loss 0.3493  samples  7614  replay 150000  len 375.9  caps 7   1.28 games/s
games  1792  eps 0.091  loss 0.3632  samples  7941  replay 150000  len 376.5  caps 6   1.28 games/s
games  1856  eps 0.091  loss 0.3570  samples  8094  replay 150000  len 397.8  caps 7   1.27 games/s
games  1920  eps 0.091  loss 0.3599  samples  8407  replay 150000  len 371.8  caps 3   1.27 games/s
games  1984  eps 0.090  loss 0.3610  samples  8325  replay 150000  len 369.6  caps 3   1.25 games/s
games  2048  eps 0.090  loss 0.3521  samples  7017  replay 150000  len 386.0  caps 8   1.26 games/s
games  2112  eps 0.090  loss 0.3617  samples  8354  replay 150000  len 387.9  caps 3   1.27 games/s
games  2176  eps 0.089  loss 0.3639  samples  7752  replay 150000  len 368.8  caps 3   1.27 games/s
games  2240  eps 0.089  loss 0.3628  samples  7573  replay 150000  len 389.2  caps 8   1.27 games/s
games  2304  eps 0.089  loss 0.3647  samples  7672  replay 150000  len 399.1  caps 7   1.25 games/s
games  2368  eps 0.088  loss 0.3539  samples  7792  replay 150000  len 381.9  caps 5   1.24 games/s
games  2432  eps 0.088  loss 0.3625  samples  7527  replay 150000  len 379.9  caps 7   1.24 games/s
games  2496  eps 0.088  loss 0.3721  samples  8573  replay 150000  len 377.0  caps 3   1.24 games/s
games  2560  eps 0.088  loss 0.3621  samples  8127  replay 150000  len 379.9  caps 3   1.24 games/s
games  2624  eps 0.087  loss 0.3620  samples  7796  replay 150000  len 377.1  caps 7   1.24 games/s
games  2688  eps 0.087  loss 0.3626  samples  8111  replay 150000  len 383.5  caps 5   1.23 games/s
games  2752  eps 0.087  loss 0.3601  samples  7824  replay 150000  len 362.2  caps 3   1.24 games/s
games  2816  eps 0.086  loss 0.3614  samples  6806  replay 150000  len 358.9  caps 7   1.24 games/s
games  2880  eps 0.086  loss 0.3624  samples  7954  replay 150000  len 414.3  caps 8   1.23 games/s
games  2944  eps 0.086  loss 0.3644  samples  7187  replay 150000  len 372.0  caps 5   1.23 games/s
games  3008  eps 0.085  loss 0.3594  samples  6660  replay 150000  len 410.4  caps 13   1.22 games/s
games  3072  eps 0.085  loss 0.3523  samples  7636  replay 150000  len 388.4  caps 7   1.21 games/s
games  3136  eps 0.085  loss 0.3601  samples  8704  replay 150000  len 373.9  caps 1   1.21 games/s
games  3200  eps 0.084  loss 0.3661  samples  7889  replay 150000  len 388.3  caps 5   1.21 games/s
games  3264  eps 0.084  loss 0.3597  samples  8692  replay 150000  len 380.8  caps 2   1.21 games/s
games  3328  eps 0.084  loss 0.3551  samples  8218  replay 150000  len 383.5  caps 5   1.21 games/s
games  3392  eps 0.083  loss 0.3577  samples  8180  replay 150000  len 379.8  caps 5   1.20 games/s
games  3456  eps 0.083  loss 0.3614  samples  7956  replay 150000  len 365.8  caps 4   1.20 games/s
games  3520  eps 0.083  loss 0.3697  samples  8183  replay 150000  len 404.3  caps 6   1.20 games/s
games  3584  eps 0.082  loss 0.3710  samples  8410  replay 150000  len 395.2  caps 5   1.19 games/s
games  3648  eps 0.082  loss 0.3645  samples  8353  replay 150000  len 379.8  caps 4   1.20 games/s
games  3712  eps 0.082  loss 0.3698  samples  6836  replay 150000  len 386.0  caps 10   1.20 games/s
games  3776  eps 0.081  loss 0.3725  samples  8602  replay 150000  len 385.5  caps 3   1.19 games/s
games  3840  eps 0.081  loss 0.3642  samples  7248  replay 150000  len 345.5  caps 4   1.20 games/s
games  3904  eps 0.081  loss 0.3745  samples  8471  replay 150000  len 402.7  caps 5   1.19 games/s
games  3968  eps 0.080  loss 0.3769  samples  8186  replay 150000  len 382.9  caps 5   1.19 games/s
games  4000  eps 0.080  loss 0.3890  samples  3893  replay 150000  len 430.7  caps 6   1.19 games/s
ring: saved 150000 samples + momentum -> penta_ring.npz
done: 4000 games -> penta_net_latest.npz
