engine 0.5.0 protocol 2; features 825 (schema v2: 128 defs x 5 zones + 35 scalars + castability/race block); decks 8; td-lambda 1.00
search: SearchConfig(top_k=4, playouts=1, budget=120, playout_max_eval=8, playout_epsilon=0.1); prior-frac 0.50
league: handcrafted 0.15, frozen 0.25 across 1 snapshot(s) ['penta_net.ckpt-v3-36000.npz']
ring: resumed 150000 samples + momentum from penta_ring.npz
games    64  eps 0.100  loss 0.3787  samples  8062  replay 150000  len 385.6  caps 6   1.21 games/s
games   128  eps 0.100  loss 0.3780  samples  7898  replay 150000  len 407.7  caps 10   1.00 games/s
games   192  eps 0.099  loss 0.3740  samples  8727  replay 150000  len 376.8  caps 3   0.95 games/s
games   256  eps 0.099  loss 0.3724  samples  7681  replay 150000  len 359.5  caps 3   0.98 games/s
games   320  eps 0.099  loss 0.3694  samples  7265  replay 150000  len 393.0  caps 9   0.95 games/s
games   384  eps 0.098  loss 0.3773  samples  8192  replay 150000  len 395.4  caps 6   0.97 games/s
games   448  eps 0.098  loss 0.3872  samples  7285  replay 150000  len 374.5  caps 7   1.00 games/s
games   512  eps 0.098  loss 0.3881  samples  6855  replay 150000  len 373.6  caps 9   1.00 games/s
games   576  eps 0.097  loss 0.3844  samples  8280  replay 150000  len 387.5  caps 4   1.04 games/s
games   640  eps 0.097  loss 0.3741  samples  8441  replay 150000  len 376.7  caps 3   1.03 games/s
games   704  eps 0.097  loss 0.3773  samples  7002  replay 150000  len 398.7  caps 9   1.02 games/s
games   768  eps 0.096  loss 0.3716  samples  7939  replay 150000  len 400.5  caps 7   1.01 games/s
games   832  eps 0.096  loss 0.3651  samples  8061  replay 150000  len 387.1  caps 6   1.01 games/s
games   896  eps 0.096  loss 0.3752  samples  8335  replay 150000  len 358.2  caps 2   1.02 games/s
games   960  eps 0.096  loss 0.3811  samples  8061  replay 150000  len 366.9  caps 4   1.03 games/s
games  1024  eps 0.095  loss 0.3780  samples  8383  replay 150000  len 381.2  caps 4   1.03 games/s
games  1088  eps 0.095  loss 0.3759  samples  7758  replay 150000  len 391.8  caps 7   1.03 games/s
games  1152  eps 0.095  loss 0.3782  samples  7903  replay 150000  len 365.0  caps 4   1.04 games/s
games  1216  eps 0.094  loss 0.3639  samples  8928  replay 150000  len 371.9  caps 3   1.03 games/s
games  1280  eps 0.094  loss 0.3680  samples  8585  replay 150000  len 379.0  caps 2   1.03 games/s
games  1344  eps 0.094  loss 0.3688  samples  7180  replay 150000  len 387.8  caps 10   1.02 games/s
games  1408  eps 0.093  loss 0.3741  samples  7884  replay 150000  len 400.7  caps 8   1.01 games/s
games  1472  eps 0.093  loss 0.3616  samples  7771  replay 150000  len 375.8  caps 5   1.01 games/s
games  1536  eps 0.093  loss 0.3645  samples  8820  replay 150000  len 396.7  caps 4   1.01 games/s
games  1600  eps 0.092  loss 0.3658  samples  7749  replay 150000  len 374.7  caps 5   1.01 games/s
games  1664  eps 0.092  loss 0.3622  samples  7764  replay 150000  len 381.7  caps 6   1.01 games/s
games  1728  eps 0.092  loss 0.3686  samples  8228  replay 150000  len 357.6  caps 5   1.02 games/s
games  1792  eps 0.091  loss 0.3585  samples  8415  replay 150000  len 390.0  caps 4   1.01 games/s
games  1856  eps 0.091  loss 0.3534  samples  8313  replay 150000  len 385.5  caps 6   1.02 games/s
games  1920  eps 0.091  loss 0.3426  samples  7929  replay 150000  len 362.7  caps 4   1.02 games/s
games  1984  eps 0.090  loss 0.3477  samples  8146  replay 150000  len 379.8  caps 6   1.03 games/s
games  2048  eps 0.090  loss 0.3437  samples  8706  replay 150000  len 369.6  caps 1   1.02 games/s
games  2112  eps 0.090  loss 0.3416  samples  9463  replay 150000  len 407.3  caps 4   1.02 games/s
games  2176  eps 0.089  loss 0.3492  samples  8465  replay 150000  len 374.8  caps 4   1.02 games/s
games  2240  eps 0.089  loss 0.3475  samples  7512  replay 150000  len 379.4  caps 8   1.02 games/s
games  2304  eps 0.089  loss 0.3413  samples  8636  replay 150000  len 389.4  caps 4   1.03 games/s
games  2368  eps 0.088  loss 0.3418  samples  8316  replay 150000  len 380.4  caps 5   1.03 games/s
games  2432  eps 0.088  loss 0.3364  samples  8907  replay 150000  len 399.9  caps 4   1.02 games/s
games  2496  eps 0.088  loss 0.3355  samples  8064  replay 150000  len 393.5  caps 6   1.02 games/s
games  2560  eps 0.088  loss 0.3411  samples  8260  replay 150000  len 390.1  caps 6   1.01 games/s
games  2624  eps 0.087  loss 0.3497  samples  8526  replay 150000  len 382.7  caps 3   1.02 games/s
games  2688  eps 0.087  loss 0.3576  samples  8571  replay 150000  len 395.5  caps 6   1.01 games/s
games  2752  eps 0.087  loss 0.3586  samples  8450  replay 150000  len 392.6  caps 3   1.02 games/s
games  2816  eps 0.086  loss 0.3597  samples  8246  replay 150000  len 392.3  caps 5   1.02 games/s
games  2880  eps 0.086  loss 0.3554  samples  8353  replay 150000  len 397.3  caps 6   1.02 games/s
games  2944  eps 0.086  loss 0.3581  samples  7779  replay 150000  len 377.5  caps 6   1.02 games/s
games  3008  eps 0.085  loss 0.3605  samples  8763  replay 150000  len 369.8  caps 2   1.01 games/s
games  3072  eps 0.085  loss 0.3612  samples  8584  replay 150000  len 392.7  caps 5   1.01 games/s
games  3136  eps 0.085  loss 0.3595  samples  7919  replay 150000  len 378.4  caps 6   1.01 games/s
games  3200  eps 0.084  loss 0.3650  samples  8049  replay 150000  len 375.8  caps 5   1.01 games/s
games  3264  eps 0.084  loss 0.3623  samples  8987  replay 150000  len 415.4  caps 5   1.01 games/s
games  3328  eps 0.084  loss 0.3741  samples  8806  replay 150000  len 411.7  caps 4   1.01 games/s
games  3392  eps 0.083  loss 0.3692  samples  8256  replay 150000  len 405.6  caps 6   1.00 games/s
games  3456  eps 0.083  loss 0.3735  samples  8598  replay 150000  len 391.4  caps 5   1.00 games/s
games  3520  eps 0.083  loss 0.3770  samples  8667  replay 150000  len 385.2  caps 4   1.00 games/s
games  3584  eps 0.082  loss 0.3710  samples  7510  replay 150000  len 367.6  caps 5   1.01 games/s
games  3648  eps 0.082  loss 0.3774  samples  7968  replay 150000  len 388.9  caps 7   1.01 games/s
games  3712  eps 0.082  loss 0.3695  samples  8059  replay 150000  len 390.0  caps 6   1.01 games/s
games  3776  eps 0.081  loss 0.3727  samples  7636  replay 150000  len 371.0  caps 5   1.02 games/s
games  3840  eps 0.081  loss 0.3737  samples  8555  replay 150000  len 385.0  caps 3   1.02 games/s
games  3904  eps 0.081  loss 0.3758  samples  8842  replay 150000  len 394.0  caps 4   1.02 games/s
games  3968  eps 0.080  loss 0.3656  samples  8089  replay 150000  len 374.3  caps 3   1.02 games/s
games  4000  eps 0.080  loss 0.3800  samples  4488  replay 150000  len 417.1  caps 3   1.02 games/s
ring: saved 150000 samples + momentum -> penta_ring.npz
done: 4000 games -> penta_net_latest.npz
