net penta_net.npz: meta {'engine_version': '0.5.0', 'protocol_version': 2, 'hidden': 64, 'games': 4000, 'search_topk': 4, 'feature_schema': 2, 'td_lambda_per_turn': 0.0}
search SearchConfig(top_k=4, playouts=1, budget=120, playout_max_eval=8, playout_epsilon=0.1); decks ('Sligh', 'White Weenie', 'The Deck', 'Counterburn', 'Goblins', 'Erhnamgeddon', 'Mono Black', 'Jeskai Aggro'); 16 games x 64 ordered pairings
1024 games in 808s (1.27 games/s)
Counterburn   vs Counterburn    11/16 wins  atk 0.89  blk 1.0  unspent 0.9/g  openmana 1.0/g
Counterburn   vs Erhnamgeddon   8/16 wins  atk 0.88  blk 0.83  unspent 1.1/g  openmana 0.0/g
Counterburn   vs Goblins        3/16 wins  atk 0.93  blk 1.0  unspent 1.1/g  openmana 0.0/g
Counterburn   vs Jeskai Aggro   5/16 wins  atk 0.92  blk 0.6  unspent 0.5/g  openmana 0.0/g
Counterburn   vs Mono Black     4/16 wins  atk 0.87  blk 0.6  unspent 0.4/g  openmana 0.0/g
Counterburn   vs Sligh          8/16 wins  atk 0.97  blk 1.0  unspent 0.4/g  openmana 0.0/g
Counterburn   vs The Deck       13/16 wins  atk 0.91  blk 1.0  unspent 0.4/g  openmana 3.4/g
Counterburn   vs White Weenie   6/16 wins  atk 0.92  blk None  unspent 0.4/g  openmana 0.0/g
Erhnamgeddon  vs Counterburn    6/16 wins  atk 0.66  blk 0.5  unspent 1.1/g  openmana 1.2/g
Erhnamgeddon  vs Erhnamgeddon   8/16 wins  atk 0.78  blk 0.5  unspent 1.1/g  openmana 0.0/g
Erhnamgeddon  vs Goblins        9/16 wins  atk 0.93  blk 0.6  unspent 0.8/g  openmana 0.0/g
Erhnamgeddon  vs Jeskai Aggro   7/16 wins  atk 0.91  blk 0.5  unspent 1.1/g  openmana 0.0/g
Erhnamgeddon  vs Mono Black     10/16 wins  atk 0.9  blk 0.53  unspent 1.0/g  openmana 0.0/g
Erhnamgeddon  vs Sligh          7/16 wins  atk 0.87  blk 0.46  unspent 0.7/g  openmana 0.0/g
Erhnamgeddon  vs The Deck       13/16 wins  atk 1.0  blk None  unspent 0.5/g  openmana 2.9/g
Erhnamgeddon  vs White Weenie   5/16 wins  atk 0.96  blk 0.57  unspent 0.9/g  openmana 0.0/g
Goblins       vs Counterburn    10/16 wins  atk 0.87  blk 1.0  unspent 0.8/g  openmana 1.2/g
Goblins       vs Erhnamgeddon   11/16 wins  atk 0.8  blk 0.67  unspent 0.6/g  openmana 0.0/g
Goblins       vs Goblins        8/16 wins  atk 0.93  blk 0.17  unspent 0.5/g  openmana 0.0/g
Goblins       vs Jeskai Aggro   11/16 wins  atk 0.77  blk 0.2  unspent 0.4/g  openmana 0.0/g
Goblins       vs Mono Black     14/16 wins  atk 0.82  blk 0.0  unspent 0.5/g  openmana 0.0/g
Goblins       vs Sligh          9/16 wins  atk 0.89  blk 0.38  unspent 0.6/g  openmana 0.0/g
Goblins       vs The Deck       13/16 wins  atk 0.86  blk 1.0  unspent 0.7/g  openmana 3.7/g
Goblins       vs White Weenie   8/16 wins  atk 0.77  blk 0.41  unspent 0.6/g  openmana 0.0/g
Jeskai Aggro  vs Counterburn    6/16 wins  atk 0.74  blk 0.9  unspent 0.8/g  openmana 1.2/g
Jeskai Aggro  vs Erhnamgeddon   11/16 wins  atk 0.81  blk 0.25  unspent 1.0/g  openmana 0.0/g
Jeskai Aggro  vs Goblins        3/16 wins  atk 0.71  blk 0.1  unspent 1.0/g  openmana 0.0/g
Jeskai Aggro  vs Jeskai Aggro   6/16 wins  atk 0.7  blk 0.83  unspent 1.0/g  openmana 0.0/g
Jeskai Aggro  vs Mono Black     9/16 wins  atk 0.93  blk None  unspent 1.1/g  openmana 0.0/g
Jeskai Aggro  vs Sligh          3/16 wins  atk 0.78  blk 0.43  unspent 0.8/g  openmana 0.0/g
Jeskai Aggro  vs The Deck       12/16 wins  atk 0.87  blk 1.0  unspent 0.6/g  openmana 2.5/g
Jeskai Aggro  vs White Weenie   9/16 wins  atk 0.92  blk 0.8  unspent 0.7/g  openmana 0.0/g
Mono Black    vs Counterburn    7/16 wins  atk 0.94  blk 0.25  unspent 0.9/g  openmana 1.9/g
Mono Black    vs Erhnamgeddon   10/16 wins  atk 0.81  blk 0.63  unspent 0.6/g  openmana 0.0/g
Mono Black    vs Goblins        13/16 wins  atk 0.95  blk 0.44  unspent 1.8/g  openmana 0.0/g
Mono Black    vs Jeskai Aggro   6/16 wins  atk 0.87  blk 0.25  unspent 0.8/g  openmana 0.0/g
Mono Black    vs Mono Black     9/16 wins  atk 0.89  blk 0.45  unspent 0.8/g  openmana 0.0/g
Mono Black    vs Sligh          12/16 wins  atk 0.94  blk 0.5  unspent 0.8/g  openmana 0.0/g
Mono Black    vs The Deck       16/16 wins  atk 0.95  blk 0.0  unspent 1.1/g  openmana 2.1/g
Mono Black    vs White Weenie   6/16 wins  atk 0.78  blk 0.4  unspent 0.6/g  openmana 0.0/g
Sligh         vs Counterburn    9/16 wins  atk 0.85  blk 0.57  unspent 0.2/g  openmana 1.6/g
Sligh         vs Erhnamgeddon   9/16 wins  atk 0.84  blk 0.58  unspent 0.2/g  openmana 0.0/g
Sligh         vs Goblins        11/16 wins  atk 0.94  blk 0.2  unspent 0.1/g  openmana 0.0/g
Sligh         vs Jeskai Aggro   9/16 wins  atk 0.79  blk 0.7  unspent 0.1/g  openmana 0.0/g
Sligh         vs Mono Black     12/16 wins  atk 0.89  blk 0.2  unspent 0.4/g  openmana 0.0/g
Sligh         vs Sligh          12/16 wins  atk 0.88  blk 0.38  unspent 0.4/g  openmana 0.0/g
Sligh         vs The Deck       14/16 wins  atk 0.83  blk 0.0  unspent 0.6/g  openmana 3.3/g
Sligh         vs White Weenie   7/16 wins  atk 0.82  blk 0.48  unspent 0.4/g  openmana 0.0/g
The Deck      vs Counterburn    2/16 wins  atk 0.73  blk 0.0  unspent 2.2/g  openmana 1.6/g
The Deck      vs Erhnamgeddon   1/16 wins  atk 0.88  blk None  unspent 2.7/g  openmana 0.0/g
The Deck      vs Goblins        0/16 wins  atk None  blk None  unspent 3.1/g  openmana 0.0/g
The Deck      vs Jeskai Aggro   0/16 wins  atk None  blk None  unspent 2.6/g  openmana 0.0/g
The Deck      vs Mono Black     1/16 wins  atk 1.0  blk None  unspent 2.8/g  openmana 0.0/g
The Deck      vs Sligh          0/16 wins  atk 1.0  blk None  unspent 1.9/g  openmana 0.0/g
The Deck      vs The Deck       3/16 wins  atk 1.0  blk None  unspent 1.5/g  openmana 4.8/g
The Deck      vs White Weenie   0/16 wins  atk None  blk None  unspent 2.1/g  openmana 0.0/g
White Weenie  vs Counterburn    9/16 wins  atk 0.85  blk 0.75  unspent 0.7/g  openmana 1.2/g
White Weenie  vs Erhnamgeddon   8/16 wins  atk 0.85  blk 0.39  unspent 0.8/g  openmana 0.0/g
White Weenie  vs Goblins        11/16 wins  atk 0.89  blk 0.55  unspent 0.9/g  openmana 0.0/g
White Weenie  vs Jeskai Aggro   9/16 wins  atk 0.89  blk 0.7  unspent 0.6/g  openmana 0.0/g
White Weenie  vs Mono Black     13/16 wins  atk 0.92  blk 0.33  unspent 0.6/g  openmana 0.0/g
White Weenie  vs Sligh          13/16 wins  atk 0.9  blk 0.38  unspent 0.5/g  openmana 0.0/g
White Weenie  vs The Deck       14/16 wins  atk 0.86  blk 0.33  unspent 1.5/g  openmana 4.8/g
White Weenie  vs White Weenie   10/16 wins  atk 0.89  blk 0.71  unspent 0.9/g  openmana 0.0/g
wrote ../web/penta-scout-notes.json
