engine 0.3.0 protocol 2; features 675 (128 defs x 5 zones + 35 scalars); td-lambda 1.00
league: handcrafted 0.15, frozen 0.25 across 1 snapshot(s) ['penta_net.ckpt-21000.npz']
ring: resumed 150000 samples + momentum from penta_ring.npz
games    64  eps 0.100  loss 0.3335  samples  4590  replay 150000  len 502.2  caps 33   2.01 games/s
games   128  eps 0.099  loss 0.3570  samples  3538  replay 150000  len 514.5  caps 39   2.20 games/s
games   192  eps 0.099  loss 0.3476  samples  3491  replay 150000  len 501.4  caps 37   2.49 games/s
games   256  eps 0.098  loss 0.3364  samples  3876  replay 150000  len 526.6  caps 37   2.64 games/s
games   320  eps 0.097  loss 0.3644  samples  2879  replay 150000  len 530.8  caps 43   2.58 games/s
games   384  eps 0.097  loss 0.3432  samples  4971  replay 150000  len 512.5  caps 34   2.61 games/s
games   448  eps 0.096  loss 0.3414  samples  3724  replay 150000  len 483.3  caps 35   2.60 games/s
games   512  eps 0.096  loss 0.3364  samples  4090  replay 150000  len 462.5  caps 31   2.64 games/s
games   576  eps 0.095  loss 0.3393  samples  3785  replay 150000  len 496.2  caps 36   2.67 games/s
games   640  eps 0.094  loss 0.3383  samples  2966  replay 150000  len 530.5  caps 44   2.68 games/s
games   704  eps 0.094  loss 0.3358  samples  4903  replay 150000  len 517.1  caps 35   2.45 games/s
games   768  eps 0.093  loss 0.3374  samples  4251  replay 150000  len 542.0  caps 38   2.45 games/s
games   832  eps 0.092  loss 0.3395  samples  4282  replay 150000  len 532.1  caps 39   2.47 games/s
games   896  eps 0.092  loss 0.3408  samples  3449  replay 150000  len 507.8  caps 39   2.51 games/s
games   960  eps 0.091  loss 0.3530  samples  3450  replay 150000  len 495.8  caps 36   2.52 games/s
games  1024  eps 0.090  loss 0.3314  samples  3269  replay 150000  len 502.3  caps 38   2.56 games/s
games  1088  eps 0.090  loss 0.3354  samples  3755  replay 150000  len 527.1  caps 40   2.40 games/s
games  1152  eps 0.089  loss 0.3399  samples  3251  replay 150000  len 507.4  caps 41   2.43 games/s
games  1216  eps 0.088  loss 0.3318  samples  2921  replay 150000  len 513.7  caps 41   2.47 games/s
games  1280  eps 0.088  loss 0.3376  samples  3647  replay 150000  len 500.7  caps 34   2.43 games/s
games  1344  eps 0.087  loss 0.3384  samples  3248  replay 150000  len 528.0  caps 41   2.46 games/s
games  1408  eps 0.087  loss 0.3355  samples  3748  replay 150000  len 512.2  caps 38   2.45 games/s
games  1472  eps 0.086  loss 0.3417  samples  3147  replay 150000  len 521.2  caps 39   2.44 games/s
games  1536  eps 0.085  loss 0.3455  samples  2350  replay 150000  len 500.9  caps 41   2.48 games/s
games  1600  eps 0.085  loss 0.3320  samples  2017  replay 150000  len 540.0  caps 48   2.50 games/s
games  1664  eps 0.084  loss 0.3193  samples  3138  replay 150000  len 518.0  caps 41   2.51 games/s
games  1728  eps 0.083  loss 0.3437  samples  4292  replay 150000  len 533.1  caps 41   2.51 games/s
games  1792  eps 0.083  loss 0.3331  samples  3330  replay 150000  len 520.1  caps 41   2.52 games/s
games  1856  eps 0.082  loss 0.3465  samples  2044  replay 150000  len 522.6  caps 46   2.53 games/s
games  1920  eps 0.081  loss 0.3518  samples  1239  replay 150000  len 523.0  caps 48   2.53 games/s
games  1984  eps 0.081  loss 0.3316  samples  2275  replay 150000  len 520.3  caps 43   2.53 games/s
games  2000  eps 0.080  loss 0.3301  samples   787  replay 150000  len 499.7  caps 10   2.54 games/s
ring: saved 150000 samples + momentum -> penta_ring.npz
done: 2000 games -> penta_net_latest.npz
