engine 0.3.0 protocol 2; features 675 (128 defs x 5 zones + 35 scalars); td-lambda 1.00
league: handcrafted 0.15, frozen 0.25 across 1 snapshot(s) ['penta_net.ckpt-3000.npz']
games    64  eps 0.100  loss 0.3228  samples  3871  replay   3871  len 531.2  caps 42   3.01 games/s
games   128  eps 0.099  loss 0.2897  samples  3550  replay   7421  len 521.0  caps 42   3.41 games/s
games   192  eps 0.099  loss 0.3257  samples  4296  replay  11717  len 498.1  caps 35   3.26 games/s
games   256  eps 0.098  loss 0.2791  samples  2130  replay  13847  len 570.8  caps 52   3.37 games/s
games   320  eps 0.097  loss 0.2723  samples  2943  replay  16790  len 516.1  caps 41   3.58 games/s
games   384  eps 0.097  loss 0.2657  samples  1974  replay  18764  len 523.9  caps 46   3.88 games/s
games   448  eps 0.096  loss 0.2930  samples  2274  replay  21038  len 519.9  caps 42   3.90 games/s
games   512  eps 0.096  loss 0.2701  samples  2574  replay  23612  len 524.1  caps 44   4.06 games/s
games   576  eps 0.095  loss 0.2578  samples  1758  replay  25370  len 541.4  caps 49   4.25 games/s
games   640  eps 0.094  loss 0.2784  samples  1919  replay  27289  len 546.7  caps 49   4.37 games/s
games   704  eps 0.094  loss 0.2560  samples  1904  replay  29193  len 529.1  caps 45   4.20 games/s
games   768  eps 0.093  loss 0.2557  samples  1804  replay  30997  len 512.1  caps 45   4.22 games/s
games   832  eps 0.092  loss 0.2626  samples  1421  replay  32418  len 537.8  caps 50   4.36 games/s
games   896  eps 0.092  loss 0.3047  samples  1855  replay  34273  len 555.0  caps 50   4.42 games/s
games   960  eps 0.091  loss 0.3063  samples  3136  replay  37409  len 530.4  caps 44   4.47 games/s
games  1024  eps 0.090  loss 0.2880  samples  2454  replay  39863  len 502.9  caps 43   4.49 games/s
games  1088  eps 0.090  loss 0.2967  samples  1732  replay  41595  len 525.5  caps 47   4.35 games/s
games  1152  eps 0.089  loss 0.3099  samples  3860  replay  45455  len 531.8  caps 41   4.39 games/s
games  1216  eps 0.088  loss 0.3162  samples  2806  replay  48261  len 514.1  caps 41   4.44 games/s
games  1280  eps 0.088  loss 0.3171  samples  3201  replay  51462  len 521.6  caps 42   4.33 games/s
games  1344  eps 0.087  loss 0.3006  samples  2677  replay  54139  len 515.9  caps 43   4.33 games/s
games  1408  eps 0.087  loss 0.3103  samples  1749  replay  55888  len 535.4  caps 49   4.16 games/s
games  1472  eps 0.086  loss 0.3232  samples  3628  replay  59516  len 522.0  caps 42   4.15 games/s
games  1536  eps 0.085  loss 0.3051  samples  2661  replay  62177  len 522.1  caps 45   4.08 games/s
games  1600  eps 0.085  loss 0.3085  samples  2037  replay  64214  len 539.7  caps 48   4.09 games/s
games  1664  eps 0.084  loss 0.3041  samples  4908  replay  69122  len 521.4  caps 37   4.10 games/s
games  1728  eps 0.083  loss 0.3094  samples  2895  replay  72017  len 545.5  caps 45   4.10 games/s
games  1792  eps 0.083  loss 0.3042  samples  2983  replay  75000  len 524.2  caps 43   4.06 games/s
games  1856  eps 0.082  loss 0.2987  samples  3346  replay  78346  len 534.9  caps 44   4.03 games/s
games  1920  eps 0.081  loss 0.2870  samples  3594  replay  81940  len 521.4  caps 39   4.05 games/s
games  1984  eps 0.081  loss 0.2978  samples  2791  replay  84731  len 518.1  caps 40   4.00 games/s
games  2000  eps 0.080  loss 0.2991  samples   740  replay  85471  len 515.8  caps 11   4.00 games/s
done: 2000 games -> penta_net_latest.npz
