engine 0.1.0 protocol 0; features 675 (128 defs x 5 zones + 35 scalars)
league: handcrafted 0.15, frozen 0.25 across 1 snapshot(s) ['penta_net.ckpt-5000.npz']
games    64  eps 0.100  loss 0.5026  samples  8638  replay   8638  len 373.2  caps 6   2.14 games/s
games   128  eps 0.099  loss 0.5000  samples  9744  replay  18382  len 430.8  caps 20   2.33 games/s
games   192  eps 0.099  loss 0.5137  samples 10011  replay  28393  len 447.3  caps 18   2.28 games/s
games   256  eps 0.098  loss 0.5200  samples  9419  replay  37812  len 387.7  caps 10   2.47 games/s
games   320  eps 0.097  loss 0.5242  samples  9051  replay  46863  len 414.0  caps 15   2.75 games/s
games   384  eps 0.097  loss 0.5182  samples  9081  replay  55944  len 413.4  caps 11   2.89 games/s
games   448  eps 0.096  loss 0.5222  samples 10001  replay  65945  len 433.4  caps 17   3.02 games/s
games   512  eps 0.096  loss 0.5213  samples  9571  replay  75516  len 431.2  caps 17   3.01 games/s
games   576  eps 0.095  loss 0.5229  samples  9274  replay  84790  len 444.4  caps 21   3.10 games/s
games   640  eps 0.094  loss 0.5258  samples  9514  replay  94304  len 432.5  caps 16   3.17 games/s
games   704  eps 0.094  loss 0.5261  samples  9860  replay 104164  len 429.0  caps 15   3.25 games/s
games   768  eps 0.093  loss 0.5235  samples  8942  replay 113106  len 373.7  caps 10   3.30 games/s
games   832  eps 0.092  loss 0.5274  samples  8920  replay 122026  len 430.8  caps 23   3.41 games/s
games   896  eps 0.092  loss 0.5255  samples 10829  replay 132855  len 439.6  caps 18   3.38 games/s
games   960  eps 0.091  loss 0.5286  samples 11321  replay 144176  len 440.8  caps 18   3.43 games/s
games  1024  eps 0.090  loss 0.5251  samples 10964  replay 150000  len 433.2  caps 13   3.42 games/s
games  1088  eps 0.090  loss 0.5332  samples 10750  replay 150000  len 439.6  caps 20   3.36 games/s
games  1152  eps 0.089  loss 0.5308  samples 10802  replay 150000  len 429.6  caps 20   3.36 games/s
games  1216  eps 0.088  loss 0.5306  samples 10623  replay 150000  len 420.4  caps 12   3.34 games/s
games  1280  eps 0.088  loss 0.5299  samples 11816  replay 150000  len 439.4  caps 12   3.32 games/s
games  1344  eps 0.087  loss 0.5325  samples 10098  replay 150000  len 406.1  caps 11   3.38 games/s
games  1408  eps 0.087  loss 0.5318  samples 11265  replay 150000  len 446.0  caps 16   3.42 games/s
games  1472  eps 0.086  loss 0.5336  samples 11633  replay 150000  len 457.9  caps 19   3.45 games/s
games  1536  eps 0.085  loss 0.5366  samples 10197  replay 150000  len 421.8  caps 15   3.48 games/s
games  1600  eps 0.085  loss 0.5299  samples 11214  replay 150000  len 443.2  caps 17   3.50 games/s
games  1664  eps 0.084  loss 0.5356  samples 10313  replay 150000  len 429.5  caps 18   3.51 games/s
games  1728  eps 0.083  loss 0.5335  samples 11036  replay 150000  len 459.0  caps 20   3.46 games/s
games  1792  eps 0.083  loss 0.5343  samples 10197  replay 150000  len 425.0  caps 17   3.44 games/s
games  1856  eps 0.082  loss 0.5355  samples 10147  replay 150000  len 427.4  caps 20   3.47 games/s
games  1920  eps 0.081  loss 0.5404  samples 11978  replay 150000  len 450.4  caps 24   3.48 games/s
games  1984  eps 0.081  loss 0.5417  samples 11289  replay 150000  len 464.8  caps 26   3.41 games/s
games  2000  eps 0.080  loss 0.5407  samples  2773  replay 150000  len 446.5  caps 6   3.37 games/s
done: 2000 games -> penta_net_latest.npz
