engine 0.1.0 protocol 0; features 675 (128 defs x 5 zones + 35 scalars)
league: handcrafted 0.15, frozen 0.25 across 1 snapshot(s) ['penta_net.ckpt-9000.npz']
games    64  eps 0.100  loss 0.5603  samples 12280  replay  12280  len 453.9  caps 18   3.66 games/s
games   128  eps 0.099  loss 0.5535  samples 11822  replay  24102  len 422.7  caps 16   2.38 games/s
games   192  eps 0.099  loss 0.5557  samples 12551  replay  36653  len 457.8  caps 19   2.88 games/s
games   256  eps 0.098  loss 0.5561  samples 11993  replay  48646  len 450.4  caps 23   2.89 games/s
games   320  eps 0.097  loss 0.5638  samples 14732  replay  63378  len 518.4  caps 39   2.78 games/s
games   384  eps 0.097  loss 0.5624  samples 11353  replay  74731  len 420.8  caps 15   2.99 games/s
games   448  eps 0.096  loss 0.5626  samples 11402  replay  86133  len 401.8  caps 14   3.14 games/s
games   512  eps 0.096  loss 0.5644  samples 12541  replay  98674  len 442.3  caps 15   3.16 games/s
games   576  eps 0.095  loss 0.5639  samples 12191  replay 110865  len 454.1  caps 23   3.19 games/s
games   640  eps 0.094  loss 0.5604  samples 12351  replay 123216  len 458.9  caps 19   3.17 games/s
games   704  eps 0.094  loss 0.5619  samples 11346  replay 134562  len 457.0  caps 26   3.20 games/s
games   768  eps 0.093  loss 0.5622  samples 10883  replay 145445  len 439.2  caps 21   3.22 games/s
games   832  eps 0.092  loss 0.5616  samples 14066  replay 150000  len 471.4  caps 21   3.18 games/s
games   896  eps 0.092  loss 0.5676  samples 12630  replay 150000  len 458.4  caps 25   3.13 games/s
games   960  eps 0.091  loss 0.5679  samples 12350  replay 150000  len 461.8  caps 20   3.17 games/s
games  1024  eps 0.090  loss 0.5649  samples 10643  replay 150000  len 469.0  caps 29   3.23 games/s
games  1088  eps 0.090  loss 0.5663  samples 11698  replay 150000  len 496.4  caps 30   3.25 games/s
games  1152  eps 0.089  loss 0.5672  samples 11955  replay 150000  len 451.1  caps 19   3.11 games/s
games  1216  eps 0.088  loss 0.5665  samples 12567  replay 150000  len 471.1  caps 27   3.08 games/s
games  1280  eps 0.088  loss 0.5657  samples 12176  replay 150000  len 454.1  caps 22   3.05 games/s
games  1344  eps 0.087  loss 0.5690  samples 10875  replay 150000  len 444.2  caps 17   3.06 games/s
games  1408  eps 0.087  loss 0.5689  samples 12009  replay 150000  len 449.1  caps 21   3.09 games/s
games  1472  eps 0.086  loss 0.5721  samples 12477  replay 150000  len 471.3  caps 26   3.07 games/s
games  1536  eps 0.085  loss 0.5723  samples 13481  replay 150000  len 476.5  caps 28   3.09 games/s
games  1600  eps 0.085  loss 0.5698  samples 11809  replay 150000  len 433.8  caps 20   3.11 games/s
games  1664  eps 0.084  loss 0.5705  samples 12923  replay 150000  len 478.2  caps 27   3.16 games/s
games  1728  eps 0.083  loss 0.5702  samples 11475  replay 150000  len 432.4  caps 17   3.16 games/s
games  1792  eps 0.083  loss 0.5702  samples 12700  replay 150000  len 442.5  caps 20   3.17 games/s
games  1856  eps 0.082  loss 0.5673  samples 13010  replay 150000  len 471.9  caps 25   3.19 games/s
games  1920  eps 0.081  loss 0.5693  samples 14299  replay 150000  len 471.3  caps 21   3.20 games/s
games  1984  eps 0.081  loss 0.5682  samples 12792  replay 150000  len 460.3  caps 24   3.17 games/s
games  2000  eps 0.080  loss 0.5696  samples  3226  replay 150000  len 429.2  caps 5   3.17 games/s
done: 2000 games -> penta_net_latest.npz
