engine 0.1.0 protocol 0; features 675 (128 defs x 5 zones + 35 scalars)
league: handcrafted 0.15, frozen 0.25 across 1 snapshot(s) ['penta_net.ckpt-7000.npz']
games    64  eps 0.100  loss 0.5634  samples 11739  replay  11739  len 458.2  caps 17   3.53 games/s
games   128  eps 0.099  loss 0.5708  samples 10034  replay  21773  len 488.2  caps 34   4.02 games/s
games   192  eps 0.099  loss 0.5703  samples 11732  replay  33505  len 456.3  caps 24   4.15 games/s
games   256  eps 0.098  loss 0.5668  samples 11533  replay  45038  len 454.8  caps 27   3.27 games/s
games   320  eps 0.097  loss 0.5635  samples 12906  replay  57944  len 450.5  caps 18   3.23 games/s
games   384  eps 0.097  loss 0.5665  samples 11973  replay  69917  len 471.8  caps 27   3.06 games/s
games   448  eps 0.096  loss 0.5678  samples 11211  replay  81128  len 440.8  caps 17   2.39 games/s
games   512  eps 0.096  loss 0.5682  samples 13102  replay  94230  len 461.7  caps 21   2.45 games/s
games   576  eps 0.095  loss 0.5631  samples 12428  replay 106658  len 430.5  caps 18   2.52 games/s
games   640  eps 0.094  loss 0.5619  samples 12998  replay 119656  len 467.8  caps 22   2.53 games/s
games   704  eps 0.094  loss 0.5598  samples 13581  replay 133237  len 464.5  caps 22   2.58 games/s
games   768  eps 0.093  loss 0.5597  samples 11805  replay 145042  len 461.0  caps 26   2.49 games/s
games   832  eps 0.092  loss 0.5600  samples 11334  replay 150000  len 472.8  caps 26   2.55 games/s
games   896  eps 0.092  loss 0.5569  samples 13009  replay 150000  len 446.1  caps 16   2.50 games/s
games   960  eps 0.091  loss 0.5548  samples 12039  replay 150000  len 428.5  caps 18   2.52 games/s
games  1024  eps 0.090  loss 0.5545  samples 13743  replay 150000  len 465.9  caps 18   2.60 games/s
games  1088  eps 0.090  loss 0.5550  samples 13749  replay 150000  len 459.4  caps 22   2.58 games/s
games  1152  eps 0.089  loss 0.5559  samples 12939  replay 150000  len 444.6  caps 19   2.62 games/s
games  1216  eps 0.088  loss 0.5544  samples 11592  replay 150000  len 458.3  caps 21   2.65 games/s
games  1280  eps 0.088  loss 0.5580  samples 12849  replay 150000  len 469.7  caps 26   2.66 games/s
games  1344  eps 0.087  loss 0.5611  samples 11489  replay 150000  len 452.8  caps 23   2.66 games/s
games  1408  eps 0.087  loss 0.5657  samples 11353  replay 150000  len 471.2  caps 25   2.73 games/s
games  1472  eps 0.086  loss 0.5640  samples 13223  replay 150000  len 494.1  caps 29   2.69 games/s
games  1536  eps 0.085  loss 0.5684  samples 13049  replay 150000  len 493.5  caps 30   2.69 games/s
games  1600  eps 0.085  loss 0.5675  samples 12102  replay 150000  len 459.4  caps 22   2.74 games/s
games  1664  eps 0.084  loss 0.5742  samples 12210  replay 150000  len 487.7  caps 22   2.71 games/s
games  1728  eps 0.083  loss 0.5740  samples 11253  replay 150000  len 468.4  caps 23   2.76 games/s
games  1792  eps 0.083  loss 0.5752  samples 11405  replay 150000  len 441.2  caps 22   2.79 games/s
games  1856  eps 0.082  loss 0.5739  samples 11047  replay 150000  len 426.5  caps 22   2.81 games/s
games  1920  eps 0.081  loss 0.5760  samples 11975  replay 150000  len 468.5  caps 27   2.81 games/s
games  1984  eps 0.081  loss 0.5796  samples 11801  replay 150000  len 483.2  caps 28   2.82 games/s
games  2000  eps 0.080  loss 0.5791  samples  2797  replay 150000  len 506.8  caps 9   2.83 games/s
done: 2000 games -> penta_net_latest.npz
