engine 0.1.0 protocol 0; features 675 (128 defs x 5 zones + 35 scalars)
league: handcrafted 0.15, frozen 0.25 across 1 snapshot(s) ['penta_net.ckpt-3000.npz']
games    64  eps 0.100  loss 0.5607  samples  7390  replay   7390  len 365.9  caps 4   5.20 games/s
games   128  eps 0.099  loss 0.5510  samples  7331  replay  14721  len 363.0  caps 3   3.79 games/s
games   192  eps 0.099  loss 0.5632  samples  9555  replay  24276  len 447.5  caps 20   3.06 games/s
games   256  eps 0.098  loss 0.5584  samples  8639  replay  32915  len 402.6  caps 4   3.10 games/s
games   320  eps 0.097  loss 0.5536  samples  8243  replay  41158  len 380.1  caps 4   3.40 games/s
games   384  eps 0.097  loss 0.5533  samples  7633  replay  48791  len 382.6  caps 7   3.59 games/s
games   448  eps 0.096  loss 0.5507  samples  8017  replay  56808  len 369.9  caps 9   3.62 games/s
games   512  eps 0.096  loss 0.5530  samples  9511  replay  66319  len 457.1  caps 21   3.32 games/s
games   576  eps 0.095  loss 0.5549  samples  9749  replay  76068  len 452.9  caps 18   3.18 games/s
games   640  eps 0.094  loss 0.5565  samples  7422  replay  83490  len 391.2  caps 8   3.21 games/s
games   704  eps 0.094  loss 0.5539  samples  8521  replay  92011  len 376.3  caps 7   3.28 games/s
games   768  eps 0.093  loss 0.5523  samples  7624  replay  99635  len 387.4  caps 11   3.36 games/s
games   832  eps 0.092  loss 0.5517  samples  9128  replay 108763  len 399.3  caps 11   3.40 games/s
games   896  eps 0.092  loss 0.5498  samples  8698  replay 117461  len 403.0  caps 10   3.45 games/s
games   960  eps 0.091  loss 0.5462  samples  9044  replay 126505  len 380.9  caps 5   3.49 games/s
games  1024  eps 0.090  loss 0.5462  samples  8555  replay 135060  len 373.2  caps 10   3.39 games/s
games  1088  eps 0.090  loss 0.5435  samples  8578  replay 143638  len 386.7  caps 8   3.35 games/s
games  1152  eps 0.089  loss 0.5421  samples  9256  replay 150000  len 435.3  caps 12   3.16 games/s
games  1216  eps 0.088  loss 0.5452  samples  8892  replay 150000  len 410.8  caps 15   3.21 games/s
games  1280  eps 0.088  loss 0.5412  samples  9080  replay 150000  len 394.0  caps 11   3.23 games/s
games  1344  eps 0.087  loss 0.5335  samples  8564  replay 150000  len 380.1  caps 8   3.28 games/s
games  1408  eps 0.087  loss 0.5336  samples  8524  replay 150000  len 408.1  caps 11   3.27 games/s
games  1472  eps 0.086  loss 0.5390  samples  8611  replay 150000  len 399.2  caps 16   3.30 games/s
games  1536  eps 0.085  loss 0.5331  samples  8453  replay 150000  len 399.5  caps 10   3.34 games/s
games  1600  eps 0.085  loss 0.5309  samples  8630  replay 150000  len 431.4  caps 20   3.39 games/s
games  1664  eps 0.084  loss 0.5301  samples  9240  replay 150000  len 435.5  caps 16   3.42 games/s
games  1728  eps 0.083  loss 0.5308  samples  8781  replay 150000  len 436.8  caps 14   3.43 games/s
games  1792  eps 0.083  loss 0.5276  samples  9592  replay 150000  len 400.6  caps 7   3.46 games/s
games  1856  eps 0.082  loss 0.5256  samples  9168  replay 150000  len 411.7  caps 12   3.51 games/s
games  1920  eps 0.081  loss 0.5248  samples  9324  replay 150000  len 402.1  caps 10   3.49 games/s
games  1984  eps 0.081  loss 0.5244  samples  8922  replay 150000  len 382.0  caps 5   3.50 games/s
games  2000  eps 0.080  loss 0.5300  samples  3214  replay 150000  len 437.1  caps 4   3.44 games/s
done: 2000 games -> penta_net_latest.npz
