engine 0.1.0 protocol 0; features 675 (128 defs x 5 zones + 35 scalars)
games    64  eps 0.100  loss 0.5159  samples 10662  replay  10662  len 401.8  caps 11   3.20 games/s
games   128  eps 0.098  loss 0.5082  samples 10523  replay  21185  len 408.9  caps 11   3.94 games/s
games   192  eps 0.096  loss 0.4917  samples  9597  replay  30782  len 398.1  caps 11   4.49 games/s
games   256  eps 0.093  loss 0.4896  samples 10101  replay  40883  len 412.4  caps 12   4.50 games/s
games   320  eps 0.091  loss 0.4911  samples 11874  replay  52757  len 472.3  caps 19   4.65 games/s
games   384  eps 0.089  loss 0.5057  samples 14874  replay  67631  len 518.8  caps 36   4.19 games/s
games   448  eps 0.087  loss 0.5180  samples 14862  replay  82493  len 533.7  caps 41   3.73 games/s
games   512  eps 0.084  loss 0.5159  samples 11990  replay  94483  len 442.9  caps 18   3.81 games/s
games   576  eps 0.082  loss 0.5255  samples 11928  replay 106411  len 501.7  caps 30   3.82 games/s
games   640  eps 0.080  loss 0.5203  samples 11182  replay 117593  len 455.1  caps 17   3.90 games/s
games   704  eps 0.078  loss 0.5243  samples 12943  replay 130536  len 432.7  caps 16   3.78 games/s
games   768  eps 0.075  loss 0.5217  samples 12885  replay 143421  len 435.3  caps 15   3.68 games/s
games   832  eps 0.073  loss 0.5223  samples 13515  replay 150000  len 451.8  caps 9   3.53 games/s
games   896  eps 0.071  loss 0.5232  samples 14274  replay 150000  len 462.1  caps 18   3.39 games/s
games   960  eps 0.069  loss 0.5298  samples 13870  replay 150000  len 451.7  caps 12   3.30 games/s
games  1024  eps 0.066  loss 0.5350  samples 14422  replay 150000  len 500.7  caps 25   3.29 games/s
games  1088  eps 0.064  loss 0.5393  samples 13479  replay 150000  len 499.6  caps 31   3.30 games/s
games  1152  eps 0.062  loss 0.5374  samples 14074  replay 150000  len 522.3  caps 31   3.31 games/s
games  1216  eps 0.060  loss 0.5398  samples 14937  replay 150000  len 476.0  caps 20   3.21 games/s
games  1280  eps 0.057  loss 0.5365  samples 14042  replay 150000  len 486.7  caps 22   3.20 games/s
games  1344  eps 0.055  loss 0.5335  samples 15240  replay 150000  len 474.2  caps 20   3.12 games/s
games  1408  eps 0.053  loss 0.5322  samples 16197  replay 150000  len 471.6  caps 18   3.05 games/s
games  1472  eps 0.051  loss 0.5324  samples 14256  replay 150000  len 489.4  caps 20   3.09 games/s
games  1536  eps 0.048  loss 0.5363  samples 16509  replay 150000  len 495.5  caps 22   3.02 games/s
games  1600  eps 0.046  loss 0.5430  samples 16243  replay 150000  len 476.7  caps 23   2.98 games/s
games  1664  eps 0.044  loss 0.5410  samples 16330  replay 150000  len 481.8  caps 18   2.95 games/s
games  1728  eps 0.042  loss 0.5415  samples 16814  replay 150000  len 508.5  caps 29   2.92 games/s
games  1792  eps 0.040  loss 0.5432  samples 17972  replay 150000  len 526.4  caps 30   2.87 games/s
games  1856  eps 0.037  loss 0.5534  samples 16397  replay 150000  len 506.5  caps 27   2.89 games/s
games  1920  eps 0.035  loss 0.5562  samples 17626  replay 150000  len 462.7  caps 18   2.82 games/s
games  1984  eps 0.033  loss 0.5645  samples 19276  replay 150000  len 490.2  caps 22   2.77 games/s
games  2000  eps 0.031  loss 0.5638  samples  4777  replay 150000  len 479.7  caps 6   2.74 games/s
done: 2000 games -> penta_net.npz
