engine 0.1.0 protocol 0; features 675 (128 defs x 5 zones + 35 scalars)
games    64  eps 0.100  loss 0.5581  samples 16172  replay  16172  len 479.0  caps 18   2.57 games/s
games   128  eps 0.098  loss 0.5649  samples 12754  replay  28926  len 489.5  caps 23   3.50 games/s
games   192  eps 0.096  loss 0.5701  samples 14800  replay  43726  len 502.8  caps 22   3.46 games/s
games   256  eps 0.093  loss 0.5655  samples 15312  replay  59038  len 470.4  caps 18   3.27 games/s
games   320  eps 0.091  loss 0.5648  samples 14726  replay  73764  len 477.2  caps 18   3.09 games/s
games   384  eps 0.089  loss 0.5656  samples 16445  replay  90209  len 482.8  caps 20   3.04 games/s
games   448  eps 0.087  loss 0.5626  samples 15926  replay 106135  len 453.2  caps 16   3.04 games/s
games   512  eps 0.084  loss 0.5645  samples 16717  replay 122852  len 493.9  caps 20   2.93 games/s
games   576  eps 0.082  loss 0.5674  samples 16116  replay 138968  len 470.5  caps 19   2.94 games/s
games   640  eps 0.080  loss 0.5664  samples 16563  replay 150000  len 470.5  caps 16   2.90 games/s
games   704  eps 0.078  loss 0.5702  samples 16359  replay 150000  len 478.7  caps 28   2.92 games/s
games   768  eps 0.075  loss 0.5708  samples 17412  replay 150000  len 513.5  caps 24   3.00 games/s
games   832  eps 0.073  loss 0.5726  samples 13550  replay 150000  len 539.5  caps 40   3.13 games/s
games   896  eps 0.071  loss 0.5726  samples 13990  replay 150000  len 517.9  caps 34   3.26 games/s
games   960  eps 0.069  loss 0.5770  samples 14739  replay 150000  len 527.2  caps 35   3.36 games/s
games  1024  eps 0.066  loss 0.5804  samples 17031  replay 150000  len 513.7  caps 30   3.41 games/s
games  1088  eps 0.064  loss 0.5791  samples 16650  replay 150000  len 486.6  caps 21   3.43 games/s
games  1152  eps 0.062  loss 0.5836  samples 17582  replay 150000  len 517.1  caps 31   3.42 games/s
games  1216  eps 0.060  loss 0.5855  samples 17484  replay 150000  len 512.4  caps 31   3.36 games/s
games  1280  eps 0.057  loss 0.5858  samples 18216  replay 150000  len 509.2  caps 25   3.33 games/s
games  1344  eps 0.055  loss 0.5829  samples 18931  replay 150000  len 500.9  caps 22   3.23 games/s
games  1408  eps 0.053  loss 0.5861  samples 19368  replay 150000  len 518.5  caps 30   3.15 games/s
games  1472  eps 0.051  loss 0.5874  samples 18416  replay 150000  len 507.9  caps 26   3.14 games/s
games  1536  eps 0.048  loss 0.5837  samples 19178  replay 150000  len 511.2  caps 23   3.13 games/s
games  1600  eps 0.046  loss 0.5857  samples 19074  replay 150000  len 505.0  caps 29   3.10 games/s
games  1664  eps 0.044  loss 0.5854  samples 20485  replay 150000  len 525.1  caps 30   3.06 games/s
games  1728  eps 0.042  loss 0.5846  samples 19364  replay 150000  len 506.1  caps 24   3.04 games/s
games  1792  eps 0.040  loss 0.5867  samples 20516  replay 150000  len 521.8  caps 27   3.02 games/s
games  1856  eps 0.037  loss 0.5898  samples 21367  replay 150000  len 536.2  caps 33   2.99 games/s
games  1920  eps 0.035  loss 0.5865  samples 21599  replay 150000  len 529.5  caps 26   2.94 games/s
games  1984  eps 0.033  loss 0.5896  samples 21800  replay 150000  len 529.7  caps 32   2.90 games/s
games  2000  eps 0.031  loss 0.5911  samples  5412  replay 150000  len 522.5  caps 9   2.87 games/s
done: 2000 games -> penta_net.npz
